--- Training Model ---
 Training vanilla harmonizer:
--- Training Frequency Model ---
    * Extracting codons...
    * Creating aa-codon matrix...
    * Calculating Frequencies...
--- Training Finished! ---
 Training tissue-expression harmonizers::
  + Tissue = Adipose_Subcutaneous: 
    * Training Adipose_Subcutaneous : expr_low25 harmonizer...
    * Training Adipose_Subcutaneous : expr_pre25_50 harmonizer...
    * Training Adipose_Subcutaneous : expr_pre50_75 harmonizer...
    * Training Adipose_Subcutaneous : expr_pre75_90 harmonizer...
    * Training Adipose_Subcutaneous : expr_top10 harmonizer...
  + Tissue = Adipose_Visceral_Omentum: 
    * Training Adipose_Visceral_Omentum : expr_low25 harmonizer...
    * Training Adipose_Visceral_Omentum : expr_pre25_50 harmonizer...
    * Training Adipose_Visceral_Omentum : expr_pre50_75 harmonizer...
    * Training Adipose_Visceral_Omentum : expr_pre75_90 harmonizer...
    * Training Adipose_Visceral_Omentum : expr_top10 harmonizer...
  + Tissue = Adrenal_Gland: 
    * Training Adrenal_Gland : expr_low25 harmonizer...
    * Training Adrenal_Gland : expr_pre25_50 harmonizer...
    * Training Adrenal_Gland : expr_pre50_75 harmonizer...
    * Training Adrenal_Gland : expr_pre75_90 harmonizer...
    * Training Adrenal_Gland : expr_top10 harmonizer...
  + Tissue = Artery_Aorta: 
    * Training Artery_Aorta : expr_low25 harmonizer...
    * Training Artery_Aorta : expr_pre25_50 harmonizer...
    * Training Artery_Aorta : expr_pre50_75 harmonizer...
    * Training Artery_Aorta : expr_pre75_90 harmonizer...
    * Training Artery_Aorta : expr_top10 harmonizer...
  + Tissue = Artery_Coronary: 
    * Training Artery_Coronary : expr_low25 harmonizer...
    * Training Artery_Coronary : expr_pre25_50 harmonizer...
    * Training Artery_Coronary : expr_pre50_75 harmonizer...
    * Training Artery_Coronary : expr_pre75_90 harmonizer...
    * Training Artery_Coronary : expr_top10 harmonizer...
  + Tissue = Artery_Tibial: 
    * Training Artery_Tibial : expr_low25 harmonizer...
    * Training Artery_Tibial : expr_pre25_50 harmonizer...
    * Training Artery_Tibial : expr_pre50_75 harmonizer...
    * Training Artery_Tibial : expr_pre75_90 harmonizer...
    * Training Artery_Tibial : expr_top10 harmonizer...
  + Tissue = Bladder: 
    * Training Bladder : expr_low25 harmonizer...
    * Training Bladder : expr_pre25_50 harmonizer...
    * Training Bladder : expr_pre50_75 harmonizer...
    * Training Bladder : expr_pre75_90 harmonizer...
    * Training Bladder : expr_top10 harmonizer...
  + Tissue = Brain_Amygdala: 
    * Training Brain_Amygdala : expr_low25 harmonizer...
    * Training Brain_Amygdala : expr_pre25_50 harmonizer...
    * Training Brain_Amygdala : expr_pre50_75 harmonizer...
    * Training Brain_Amygdala : expr_pre75_90 harmonizer...
    * Training Brain_Amygdala : expr_top10 harmonizer...
  + Tissue = Brain_Anterior_cingulate_cortex_BA24: 
    * Training Brain_Anterior_cingulate_cortex_BA24 : expr_low25 harmonizer...
    * Training Brain_Anterior_cingulate_cortex_BA24 : expr_pre25_50 harmonizer...
    * Training Brain_Anterior_cingulate_cortex_BA24 : expr_pre50_75 harmonizer...
    * Training Brain_Anterior_cingulate_cortex_BA24 : expr_pre75_90 harmonizer...
    * Training Brain_Anterior_cingulate_cortex_BA24 : expr_top10 harmonizer...
  + Tissue = Brain_Caudate_basal_ganglia: 
    * Training Brain_Caudate_basal_ganglia : expr_low25 harmonizer...
    * Training Brain_Caudate_basal_ganglia : expr_pre25_50 harmonizer...
    * Training Brain_Caudate_basal_ganglia : expr_pre50_75 harmonizer...
    * Training Brain_Caudate_basal_ganglia : expr_pre75_90 harmonizer...
    * Training Brain_Caudate_basal_ganglia : expr_top10 harmonizer...
  + Tissue = Brain_Cerebellar_Hemisphere: 
    * Training Brain_Cerebellar_Hemisphere : expr_low25 harmonizer...
    * Training Brain_Cerebellar_Hemisphere : expr_pre25_50 harmonizer...
    * Training Brain_Cerebellar_Hemisphere : expr_pre50_75 harmonizer...
    * Training Brain_Cerebellar_Hemisphere : expr_pre75_90 harmonizer...
    * Training Brain_Cerebellar_Hemisphere : expr_top10 harmonizer...
  + Tissue = Brain_Cerebellum: 
    * Training Brain_Cerebellum : expr_low25 harmonizer...
    * Training Brain_Cerebellum : expr_pre25_50 harmonizer...
    * Training Brain_Cerebellum : expr_pre50_75 harmonizer...
    * Training Brain_Cerebellum : expr_pre75_90 harmonizer...
    * Training Brain_Cerebellum : expr_top10 harmonizer...
  + Tissue = Brain_Cortex: 
    * Training Brain_Cortex : expr_low25 harmonizer...
    * Training Brain_Cortex : expr_pre25_50 harmonizer...
    * Training Brain_Cortex : expr_pre50_75 harmonizer...
    * Training Brain_Cortex : expr_pre75_90 harmonizer...
    * Training Brain_Cortex : expr_top10 harmonizer...
  + Tissue = Brain_Frontal_Cortex_BA9: 
    * Training Brain_Frontal_Cortex_BA9 : expr_low25 harmonizer...
    * Training Brain_Frontal_Cortex_BA9 : expr_pre25_50 harmonizer...
    * Training Brain_Frontal_Cortex_BA9 : expr_pre50_75 harmonizer...
    * Training Brain_Frontal_Cortex_BA9 : expr_pre75_90 harmonizer...
    * Training Brain_Frontal_Cortex_BA9 : expr_top10 harmonizer...
  + Tissue = Brain_Hippocampus: 
    * Training Brain_Hippocampus : expr_low25 harmonizer...
    * Training Brain_Hippocampus : expr_pre25_50 harmonizer...
    * Training Brain_Hippocampus : expr_pre50_75 harmonizer...
    * Training Brain_Hippocampus : expr_pre75_90 harmonizer...
    * Training Brain_Hippocampus : expr_top10 harmonizer...
  + Tissue = Brain_Hypothalamus: 
    * Training Brain_Hypothalamus : expr_low25 harmonizer...
    * Training Brain_Hypothalamus : expr_pre25_50 harmonizer...
    * Training Brain_Hypothalamus : expr_pre50_75 harmonizer...
    * Training Brain_Hypothalamus : expr_pre75_90 harmonizer...
    * Training Brain_Hypothalamus : expr_top10 harmonizer...
  + Tissue = Brain_Nucleus_accumbens_basal_ganglia: 
    * Training Brain_Nucleus_accumbens_basal_ganglia : expr_low25 harmonizer...
    * Training Brain_Nucleus_accumbens_basal_ganglia : expr_pre25_50 harmonizer...
    * Training Brain_Nucleus_accumbens_basal_ganglia : expr_pre50_75 harmonizer...
    * Training Brain_Nucleus_accumbens_basal_ganglia : expr_pre75_90 harmonizer...
    * Training Brain_Nucleus_accumbens_basal_ganglia : expr_top10 harmonizer...
  + Tissue = Brain_Putamen_basal_ganglia: 
    * Training Brain_Putamen_basal_ganglia : expr_low25 harmonizer...
    * Training Brain_Putamen_basal_ganglia : expr_pre25_50 harmonizer...
    * Training Brain_Putamen_basal_ganglia : expr_pre50_75 harmonizer...
    * Training Brain_Putamen_basal_ganglia : expr_pre75_90 harmonizer...
    * Training Brain_Putamen_basal_ganglia : expr_top10 harmonizer...
  + Tissue = Brain_Spinal_cord_cervical_c-1: 
    * Training Brain_Spinal_cord_cervical_c-1 : expr_low25 harmonizer...
    * Training Brain_Spinal_cord_cervical_c-1 : expr_pre25_50 harmonizer...
    * Training Brain_Spinal_cord_cervical_c-1 : expr_pre50_75 harmonizer...
    * Training Brain_Spinal_cord_cervical_c-1 : expr_pre75_90 harmonizer...
    * Training Brain_Spinal_cord_cervical_c-1 : expr_top10 harmonizer...
  + Tissue = Brain_Substantia_nigra: 
    * Training Brain_Substantia_nigra : expr_low25 harmonizer...
    * Training Brain_Substantia_nigra : expr_pre25_50 harmonizer...
    * Training Brain_Substantia_nigra : expr_pre50_75 harmonizer...
    * Training Brain_Substantia_nigra : expr_pre75_90 harmonizer...
    * Training Brain_Substantia_nigra : expr_top10 harmonizer...
  + Tissue = Breast_Mammary_Tissue: 
    * Training Breast_Mammary_Tissue : expr_low25 harmonizer...
    * Training Breast_Mammary_Tissue : expr_pre25_50 harmonizer...
    * Training Breast_Mammary_Tissue : expr_pre50_75 harmonizer...
    * Training Breast_Mammary_Tissue : expr_pre75_90 harmonizer...
    * Training Breast_Mammary_Tissue : expr_top10 harmonizer...
  + Tissue = Cells_EBV-transformed_lymphocytes: 
    * Training Cells_EBV-transformed_lymphocytes : expr_low25 harmonizer...
    * Training Cells_EBV-transformed_lymphocytes : expr_pre25_50 harmonizer...
    * Training Cells_EBV-transformed_lymphocytes : expr_pre50_75 harmonizer...
    * Training Cells_EBV-transformed_lymphocytes : expr_pre75_90 harmonizer...
    * Training Cells_EBV-transformed_lymphocytes : expr_top10 harmonizer...
  + Tissue = Cells_Cultured_fibroblasts: 
    * Training Cells_Cultured_fibroblasts : expr_low25 harmonizer...
    * Training Cells_Cultured_fibroblasts : expr_pre25_50 harmonizer...
    * Training Cells_Cultured_fibroblasts : expr_pre50_75 harmonizer...
    * Training Cells_Cultured_fibroblasts : expr_pre75_90 harmonizer...
    * Training Cells_Cultured_fibroblasts : expr_top10 harmonizer...
  + Tissue = Cervix_Ectocervix: 
    * Training Cervix_Ectocervix : expr_low25 harmonizer...
    * Training Cervix_Ectocervix : expr_pre25_50 harmonizer...
    * Training Cervix_Ectocervix : expr_pre50_75 harmonizer...
    * Training Cervix_Ectocervix : expr_pre75_90 harmonizer...
    * Training Cervix_Ectocervix : expr_top10 harmonizer...
  + Tissue = Cervix_Endocervix: 
    * Training Cervix_Endocervix : expr_low25 harmonizer...
    * Training Cervix_Endocervix : expr_pre25_50 harmonizer...
    * Training Cervix_Endocervix : expr_pre50_75 harmonizer...
    * Training Cervix_Endocervix : expr_pre75_90 harmonizer...
    * Training Cervix_Endocervix : expr_top10 harmonizer...
  + Tissue = Colon_Sigmoid: 
    * Training Colon_Sigmoid : expr_low25 harmonizer...
    * Training Colon_Sigmoid : expr_pre25_50 harmonizer...
    * Training Colon_Sigmoid : expr_pre50_75 harmonizer...
    * Training Colon_Sigmoid : expr_pre75_90 harmonizer...
    * Training Colon_Sigmoid : expr_top10 harmonizer...
  + Tissue = Colon_Transverse: 
    * Training Colon_Transverse : expr_low25 harmonizer...
    * Training Colon_Transverse : expr_pre25_50 harmonizer...
    * Training Colon_Transverse : expr_pre50_75 harmonizer...
    * Training Colon_Transverse : expr_pre75_90 harmonizer...
    * Training Colon_Transverse : expr_top10 harmonizer...
  + Tissue = Esophagus_Gastroesophageal_Junction: 
    * Training Esophagus_Gastroesophageal_Junction : expr_low25 harmonizer...
    * Training Esophagus_Gastroesophageal_Junction : expr_pre25_50 harmonizer...
    * Training Esophagus_Gastroesophageal_Junction : expr_pre50_75 harmonizer...
    * Training Esophagus_Gastroesophageal_Junction : expr_pre75_90 harmonizer...
    * Training Esophagus_Gastroesophageal_Junction : expr_top10 harmonizer...
  + Tissue = Esophagus_Mucosa: 
    * Training Esophagus_Mucosa : expr_low25 harmonizer...
    * Training Esophagus_Mucosa : expr_pre25_50 harmonizer...
    * Training Esophagus_Mucosa : expr_pre50_75 harmonizer...
    * Training Esophagus_Mucosa : expr_pre75_90 harmonizer...
    * Training Esophagus_Mucosa : expr_top10 harmonizer...
  + Tissue = Esophagus_Muscularis: 
    * Training Esophagus_Muscularis : expr_low25 harmonizer...
    * Training Esophagus_Muscularis : expr_pre25_50 harmonizer...
    * Training Esophagus_Muscularis : expr_pre50_75 harmonizer...
    * Training Esophagus_Muscularis : expr_pre75_90 harmonizer...
    * Training Esophagus_Muscularis : expr_top10 harmonizer...
  + Tissue = Fallopian_Tube: 
    * Training Fallopian_Tube : expr_low25 harmonizer...
    * Training Fallopian_Tube : expr_pre25_50 harmonizer...
    * Training Fallopian_Tube : expr_pre50_75 harmonizer...
    * Training Fallopian_Tube : expr_pre75_90 harmonizer...
    * Training Fallopian_Tube : expr_top10 harmonizer...
  + Tissue = Heart_Atrial_Appendage: 
    * Training Heart_Atrial_Appendage : expr_low25 harmonizer...
    * Training Heart_Atrial_Appendage : expr_pre25_50 harmonizer...
    * Training Heart_Atrial_Appendage : expr_pre50_75 harmonizer...
    * Training Heart_Atrial_Appendage : expr_pre75_90 harmonizer...
    * Training Heart_Atrial_Appendage : expr_top10 harmonizer...
  + Tissue = Heart_Left_Ventricle: 
    * Training Heart_Left_Ventricle : expr_low25 harmonizer...
    * Training Heart_Left_Ventricle : expr_pre25_50 harmonizer...
    * Training Heart_Left_Ventricle : expr_pre50_75 harmonizer...
    * Training Heart_Left_Ventricle : expr_pre75_90 harmonizer...
    * Training Heart_Left_Ventricle : expr_top10 harmonizer...
  + Tissue = Kidney_Cortex: 
    * Training Kidney_Cortex : expr_low25 harmonizer...
    * Training Kidney_Cortex : expr_pre25_50 harmonizer...
    * Training Kidney_Cortex : expr_pre50_75 harmonizer...
    * Training Kidney_Cortex : expr_pre75_90 harmonizer...
    * Training Kidney_Cortex : expr_top10 harmonizer...
  + Tissue = Kidney_Medulla: 
    * Training Kidney_Medulla : expr_low25 harmonizer...
    * Training Kidney_Medulla : expr_pre25_50 harmonizer...
    * Training Kidney_Medulla : expr_pre50_75 harmonizer...
    * Training Kidney_Medulla : expr_pre75_90 harmonizer...
    * Training Kidney_Medulla : expr_top10 harmonizer...
  + Tissue = Liver: 
    * Training Liver : expr_low25 harmonizer...
    * Training Liver : expr_pre25_50 harmonizer...
    * Training Liver : expr_pre50_75 harmonizer...
    * Training Liver : expr_pre75_90 harmonizer...
    * Training Liver : expr_top10 harmonizer...
  + Tissue = Lung: 
    * Training Lung : expr_low25 harmonizer...
    * Training Lung : expr_pre25_50 harmonizer...
    * Training Lung : expr_pre50_75 harmonizer...
    * Training Lung : expr_pre75_90 harmonizer...
    * Training Lung : expr_top10 harmonizer...
  + Tissue = Minor_Salivary_Gland: 
    * Training Minor_Salivary_Gland : expr_low25 harmonizer...
    * Training Minor_Salivary_Gland : expr_pre25_50 harmonizer...
    * Training Minor_Salivary_Gland : expr_pre50_75 harmonizer...
    * Training Minor_Salivary_Gland : expr_pre75_90 harmonizer...
    * Training Minor_Salivary_Gland : expr_top10 harmonizer...
  + Tissue = Muscle_Skeletal: 
    * Training Muscle_Skeletal : expr_low25 harmonizer...
    * Training Muscle_Skeletal : expr_pre25_50 harmonizer...
    * Training Muscle_Skeletal : expr_pre50_75 harmonizer...
    * Training Muscle_Skeletal : expr_pre75_90 harmonizer...
    * Training Muscle_Skeletal : expr_top10 harmonizer...
  + Tissue = Nerve_Tibial: 
    * Training Nerve_Tibial : expr_low25 harmonizer...
    * Training Nerve_Tibial : expr_pre25_50 harmonizer...
    * Training Nerve_Tibial : expr_pre50_75 harmonizer...
    * Training Nerve_Tibial : expr_pre75_90 harmonizer...
    * Training Nerve_Tibial : expr_top10 harmonizer...
  + Tissue = Ovary: 
    * Training Ovary : expr_low25 harmonizer...
    * Training Ovary : expr_pre25_50 harmonizer...
    * Training Ovary : expr_pre50_75 harmonizer...
    * Training Ovary : expr_pre75_90 harmonizer...
    * Training Ovary : expr_top10 harmonizer...
  + Tissue = Pancreas: 
    * Training Pancreas : expr_low25 harmonizer...
    * Training Pancreas : expr_pre25_50 harmonizer...
    * Training Pancreas : expr_pre50_75 harmonizer...
    * Training Pancreas : expr_pre75_90 harmonizer...
    * Training Pancreas : expr_top10 harmonizer...
  + Tissue = Pituitary: 
    * Training Pituitary : expr_low25 harmonizer...
    * Training Pituitary : expr_pre25_50 harmonizer...
    * Training Pituitary : expr_pre50_75 harmonizer...
    * Training Pituitary : expr_pre75_90 harmonizer...
    * Training Pituitary : expr_top10 harmonizer...
  + Tissue = Prostate: 
    * Training Prostate : expr_low25 harmonizer...
    * Training Prostate : expr_pre25_50 harmonizer...
    * Training Prostate : expr_pre50_75 harmonizer...
    * Training Prostate : expr_pre75_90 harmonizer...
    * Training Prostate : expr_top10 harmonizer...
  + Tissue = Skin_Not_Sun_Exposed_Suprapubic: 
    * Training Skin_Not_Sun_Exposed_Suprapubic : expr_low25 harmonizer...
    * Training Skin_Not_Sun_Exposed_Suprapubic : expr_pre25_50 harmonizer...
    * Training Skin_Not_Sun_Exposed_Suprapubic : expr_pre50_75 harmonizer...
    * Training Skin_Not_Sun_Exposed_Suprapubic : expr_pre75_90 harmonizer...
    * Training Skin_Not_Sun_Exposed_Suprapubic : expr_top10 harmonizer...
  + Tissue = Skin_Sun_Exposed_Lower_leg: 
    * Training Skin_Sun_Exposed_Lower_leg : expr_low25 harmonizer...
    * Training Skin_Sun_Exposed_Lower_leg : expr_pre25_50 harmonizer...
    * Training Skin_Sun_Exposed_Lower_leg : expr_pre50_75 harmonizer...
    * Training Skin_Sun_Exposed_Lower_leg : expr_pre75_90 harmonizer...
    * Training Skin_Sun_Exposed_Lower_leg : expr_top10 harmonizer...
  + Tissue = Small_Intestine_Terminal_Ileum: 
    * Training Small_Intestine_Terminal_Ileum : expr_low25 harmonizer...
    * Training Small_Intestine_Terminal_Ileum : expr_pre25_50 harmonizer...
    * Training Small_Intestine_Terminal_Ileum : expr_pre50_75 harmonizer...
    * Training Small_Intestine_Terminal_Ileum : expr_pre75_90 harmonizer...
    * Training Small_Intestine_Terminal_Ileum : expr_top10 harmonizer...
  + Tissue = Spleen: 
    * Training Spleen : expr_low25 harmonizer...
    * Training Spleen : expr_pre25_50 harmonizer...
    * Training Spleen : expr_pre50_75 harmonizer...
    * Training Spleen : expr_pre75_90 harmonizer...
    * Training Spleen : expr_top10 harmonizer...
  + Tissue = Stomach: 
    * Training Stomach : expr_low25 harmonizer...
    * Training Stomach : expr_pre25_50 harmonizer...
    * Training Stomach : expr_pre50_75 harmonizer...
    * Training Stomach : expr_pre75_90 harmonizer...
    * Training Stomach : expr_top10 harmonizer...
  + Tissue = Testis: 
    * Training Testis : expr_low25 harmonizer...
    * Training Testis : expr_pre25_50 harmonizer...
    * Training Testis : expr_pre50_75 harmonizer...
    * Training Testis : expr_pre75_90 harmonizer...
    * Training Testis : expr_top10 harmonizer...
  + Tissue = Thyroid: 
    * Training Thyroid : expr_low25 harmonizer...
    * Training Thyroid : expr_pre25_50 harmonizer...
    * Training Thyroid : expr_pre50_75 harmonizer...
    * Training Thyroid : expr_pre75_90 harmonizer...
    * Training Thyroid : expr_top10 harmonizer...
  + Tissue = Uterus: 
    * Training Uterus : expr_low25 harmonizer...
    * Training Uterus : expr_pre25_50 harmonizer...
    * Training Uterus : expr_pre50_75 harmonizer...
    * Training Uterus : expr_pre75_90 harmonizer...
    * Training Uterus : expr_top10 harmonizer...
  + Tissue = Vagina: 
    * Training Vagina : expr_low25 harmonizer...
    * Training Vagina : expr_pre25_50 harmonizer...
    * Training Vagina : expr_pre50_75 harmonizer...
    * Training Vagina : expr_pre75_90 harmonizer...
    * Training Vagina : expr_top10 harmonizer...
  + Tissue = Whole_Blood: 
    * Training Whole_Blood : expr_low25 harmonizer...
    * Training Whole_Blood : expr_pre25_50 harmonizer...
      No data for Whole_Blood : expr_pre25_50
    * Training Whole_Blood : expr_pre50_75 harmonizer...
    * Training Whole_Blood : expr_pre75_90 harmonizer...
    * Training Whole_Blood : expr_top10 harmonizer...
Predicting codons for amino acid sequences (by majority vote)...
Predicting codons for amino acid sequences (by average probs)...
Calculating accuracy...
Calculating accuracy...
Saving predictions and accuracies...
Majority Vote Accuracy: 0.7792598841532583
Average Probs Accuracy: 0.7794270107679346
