Generating datasets for window size: 10
        transcript  ...           aa_windows
0  ENST00000311111  ...  M P R K I E E I K D
1  ENST00000311111  ...  P R K I E E I K D F
2  ENST00000311111  ...  R K I E E I K D F L
3  ENST00000311111  ...  K I E E I K D F L L
4  ENST00000311111  ...  I E E I K D F L L T

[5 rows x 4 columns]
Generating datasets for window size: 30
        transcript  ...                                         aa_windows
0  ENST00000311111  ...  M P R K I E E I K D F L L T A R R K D A K S V ...
1  ENST00000311111  ...  P R K I E E I K D F L L T A R R K D A K S V K ...
2  ENST00000311111  ...  R K I E E I K D F L L T A R R K D A K S V K I ...
3  ENST00000311111  ...  K I E E I K D F L L T A R R K D A K S V K I K ...
4  ENST00000311111  ...  I E E I K D F L L T A R R K D A K S V K I K K ...

[5 rows x 4 columns]
Generating datasets for window size: 50
        transcript  ...                                         aa_windows
0  ENST00000311111  ...  M P R K I E E I K D F L L T A R R K D A K S V ...
1  ENST00000311111  ...  P R K I E E I K D F L L T A R R K D A K S V K ...
2  ENST00000311111  ...  R K I E E I K D F L L T A R R K D A K S V K I ...
3  ENST00000311111  ...  K I E E I K D F L L T A R R K D A K S V K I K ...
4  ENST00000311111  ...  I E E I K D F L L T A R R K D A K S V K I K K ...

[5 rows x 4 columns]
Generating datasets for window size: 75
        transcript  ...                                         aa_windows
0  ENST00000311111  ...  M P R K I E E I K D F L L T A R R K D A K S V ...
1  ENST00000648517  ...  M A P R R V R S F L R G L P A L L L L L L F L ...
2  ENST00000648517  ...  A P R R V R S F L R G L P A L L L L L L F L G ...
3  ENST00000648517  ...  P R R V R S F L R G L P A L L L L L L F L G P ...
4  ENST00000648517  ...  R R V R S F L R G L P A L L L L L L F L G P W ...

[5 rows x 4 columns]
Generating datasets for window size: 100
        transcript  ...                                         aa_windows
0  ENST00000311111  ...  M P R K I E E I K D F L L T A R R K D A K S V ...
1  ENST00000648517  ...  M A P R R V R S F L R G L P A L L L L L L F L ...
2  ENST00000648517  ...  A P R R V R S F L R G L P A L L L L L L F L G ...
3  ENST00000648517  ...  P R R V R S F L R G L P A L L L L L L F L G P ...
4  ENST00000648517  ...  R R V R S F L R G L P A L L L L L L F L G P W ...

[5 rows x 4 columns]
