Looking in indexes: https://pypi.org/simple, https://pypi.ngc.nvidia.com
Collecting datasets
  Downloading datasets-3.1.0-py3-none-any.whl.metadata (20 kB)
Requirement already satisfied: filelock in /usr/local/lib/python3.10/dist-packages (from datasets) (3.15.4)
Requirement already satisfied: numpy>=1.17 in /usr/local/lib/python3.10/dist-packages (from datasets) (1.24.4)
Collecting pyarrow>=15.0.0 (from datasets)
  Downloading pyarrow-18.0.0-cp310-cp310-manylinux_2_28_x86_64.whl.metadata (3.3 kB)
Collecting dill<0.3.9,>=0.3.0 (from datasets)
  Downloading dill-0.3.8-py3-none-any.whl.metadata (10 kB)
Requirement already satisfied: pandas in /usr/local/lib/python3.10/dist-packages (from datasets) (2.2.1)
Requirement already satisfied: requests>=2.32.2 in /usr/local/lib/python3.10/dist-packages (from datasets) (2.32.3)
Requirement already satisfied: tqdm>=4.66.3 in /usr/local/lib/python3.10/dist-packages (from datasets) (4.66.4)
Collecting xxhash (from datasets)
  Downloading xxhash-3.5.0-cp310-cp310-manylinux_2_17_x86_64.manylinux2014_x86_64.whl.metadata (12 kB)
Collecting multiprocess<0.70.17 (from datasets)
  Downloading multiprocess-0.70.16-py310-none-any.whl.metadata (7.2 kB)
Requirement already satisfied: fsspec<=2024.9.0,>=2023.1.0 in /usr/local/lib/python3.10/dist-packages (from fsspec[http]<=2024.9.0,>=2023.1.0->datasets) (2024.5.0)
Requirement already satisfied: aiohttp in /usr/local/lib/python3.10/dist-packages (from datasets) (3.9.5)
Collecting huggingface-hub>=0.23.0 (from datasets)
  Downloading huggingface_hub-0.26.2-py3-none-any.whl.metadata (13 kB)
Requirement already satisfied: packaging in /usr/local/lib/python3.10/dist-packages (from datasets) (24.0)
Requirement already satisfied: pyyaml>=5.1 in /usr/local/lib/python3.10/dist-packages (from datasets) (6.0.1)
Requirement already satisfied: aiosignal>=1.1.2 in /usr/local/lib/python3.10/dist-packages (from aiohttp->datasets) (1.3.1)
Requirement already satisfied: attrs>=17.3.0 in /usr/local/lib/python3.10/dist-packages (from aiohttp->datasets) (23.2.0)
Requirement already satisfied: frozenlist>=1.1.1 in /usr/local/lib/python3.10/dist-packages (from aiohttp->datasets) (1.4.1)
Requirement already satisfied: multidict<7.0,>=4.5 in /usr/local/lib/python3.10/dist-packages (from aiohttp->datasets) (6.0.5)
Requirement already satisfied: yarl<2.0,>=1.0 in /usr/local/lib/python3.10/dist-packages (from aiohttp->datasets) (1.9.4)
Requirement already satisfied: async-timeout<5.0,>=4.0 in /usr/local/lib/python3.10/dist-packages (from aiohttp->datasets) (4.0.3)
Requirement already satisfied: typing-extensions>=3.7.4.3 in /usr/local/lib/python3.10/dist-packages (from huggingface-hub>=0.23.0->datasets) (4.12.0)
Requirement already satisfied: charset-normalizer<4,>=2 in /usr/local/lib/python3.10/dist-packages (from requests>=2.32.2->datasets) (3.3.2)
Requirement already satisfied: idna<4,>=2.5 in /usr/local/lib/python3.10/dist-packages (from requests>=2.32.2->datasets) (3.7)
Requirement already satisfied: urllib3<3,>=1.21.1 in /usr/local/lib/python3.10/dist-packages (from requests>=2.32.2->datasets) (2.0.7)
Requirement already satisfied: certifi>=2017.4.17 in /usr/local/lib/python3.10/dist-packages (from requests>=2.32.2->datasets) (2024.7.4)
Requirement already satisfied: python-dateutil>=2.8.2 in /usr/local/lib/python3.10/dist-packages (from pandas->datasets) (2.9.0.post0)
Requirement already satisfied: pytz>=2020.1 in /usr/local/lib/python3.10/dist-packages (from pandas->datasets) (2024.1)
Requirement already satisfied: tzdata>=2022.7 in /usr/local/lib/python3.10/dist-packages (from pandas->datasets) (2024.1)
Requirement already satisfied: six>=1.5 in /usr/local/lib/python3.10/dist-packages (from python-dateutil>=2.8.2->pandas->datasets) (1.16.0)
Downloading datasets-3.1.0-py3-none-any.whl (480 kB)
   ━━━━━━━━━━━━━━━━━━━━━━━━━━━━━━━━━━━━━━━━ 480.6/480.6 kB 3.4 MB/s eta 0:00:00
Downloading dill-0.3.8-py3-none-any.whl (116 kB)
   ━━━━━━━━━━━━━━━━━━━━━━━━━━━━━━━━━━━━━━━━ 116.3/116.3 kB 36.6 MB/s eta 0:00:00
Downloading huggingface_hub-0.26.2-py3-none-any.whl (447 kB)
   ━━━━━━━━━━━━━━━━━━━━━━━━━━━━━━━━━━━━━━━━ 447.5/447.5 kB 26.3 MB/s eta 0:00:00
Downloading multiprocess-0.70.16-py310-none-any.whl (134 kB)
   ━━━━━━━━━━━━━━━━━━━━━━━━━━━━━━━━━━━━━━━━ 134.8/134.8 kB 71.7 MB/s eta 0:00:00
Downloading pyarrow-18.0.0-cp310-cp310-manylinux_2_28_x86_64.whl (40.0 MB)
   ━━━━━━━━━━━━━━━━━━━━━━━━━━━━━━━━━━━━━━━━ 40.0/40.0 MB 66.5 MB/s eta 0:00:00
Downloading xxhash-3.5.0-cp310-cp310-manylinux_2_17_x86_64.manylinux2014_x86_64.whl (194 kB)
   ━━━━━━━━━━━━━━━━━━━━━━━━━━━━━━━━━━━━━━━ 194.1/194.1 kB 394.2 MB/s eta 0:00:00
Installing collected packages: xxhash, pyarrow, dill, multiprocess, huggingface-hub, datasets
  Attempting uninstall: pyarrow
    Found existing installation: pyarrow 14.0.2
    Uninstalling pyarrow-14.0.2:
      Successfully uninstalled pyarrow-14.0.2
Successfully installed datasets-3.1.0 dill-0.3.8 huggingface-hub-0.26.2 multiprocess-0.70.16 pyarrow-18.0.0 xxhash-3.5.0
Looking in indexes: https://pypi.org/simple, https://pypi.ngc.nvidia.com
Collecting Bio
  Downloading bio-1.7.1-py3-none-any.whl.metadata (5.7 kB)
Collecting biopython>=1.80 (from Bio)
  Downloading biopython-1.84-cp310-cp310-manylinux_2_17_x86_64.manylinux2014_x86_64.whl.metadata (12 kB)
Collecting gprofiler-official (from Bio)
  Downloading gprofiler_official-1.0.0-py3-none-any.whl.metadata (11 kB)
Collecting mygene (from Bio)
  Downloading mygene-3.2.2-py2.py3-none-any.whl.metadata (10 kB)
Requirement already satisfied: pandas in /usr/local/lib/python3.10/dist-packages (from Bio) (2.2.1)
Requirement already satisfied: pooch in /usr/local/lib/python3.10/dist-packages (from Bio) (1.8.2)
Requirement already satisfied: requests in /usr/local/lib/python3.10/dist-packages (from Bio) (2.32.3)
Requirement already satisfied: tqdm in /usr/local/lib/python3.10/dist-packages (from Bio) (4.66.4)
Requirement already satisfied: numpy in /usr/local/lib/python3.10/dist-packages (from biopython>=1.80->Bio) (1.24.4)
Collecting biothings-client>=0.2.6 (from mygene->Bio)
  Downloading biothings_client-0.3.1-py2.py3-none-any.whl.metadata (9.8 kB)
Requirement already satisfied: python-dateutil>=2.8.2 in /usr/local/lib/python3.10/dist-packages (from pandas->Bio) (2.9.0.post0)
Requirement already satisfied: pytz>=2020.1 in /usr/local/lib/python3.10/dist-packages (from pandas->Bio) (2024.1)
Requirement already satisfied: tzdata>=2022.7 in /usr/local/lib/python3.10/dist-packages (from pandas->Bio) (2024.1)
Requirement already satisfied: platformdirs>=2.5.0 in /usr/local/lib/python3.10/dist-packages (from pooch->Bio) (4.2.2)
Requirement already satisfied: packaging>=20.0 in /usr/local/lib/python3.10/dist-packages (from pooch->Bio) (24.0)
Requirement already satisfied: charset-normalizer<4,>=2 in /usr/local/lib/python3.10/dist-packages (from requests->Bio) (3.3.2)
Requirement already satisfied: idna<4,>=2.5 in /usr/local/lib/python3.10/dist-packages (from requests->Bio) (3.7)
Requirement already satisfied: urllib3<3,>=1.21.1 in /usr/local/lib/python3.10/dist-packages (from requests->Bio) (2.0.7)
Requirement already satisfied: certifi>=2017.4.17 in /usr/local/lib/python3.10/dist-packages (from requests->Bio) (2024.7.4)
Requirement already satisfied: six>=1.5 in /usr/local/lib/python3.10/dist-packages (from python-dateutil>=2.8.2->pandas->Bio) (1.16.0)
Downloading bio-1.7.1-py3-none-any.whl (280 kB)
   ━━━━━━━━━━━━━━━━━━━━━━━━━━━━━━━━━━━━━━━━ 281.0/281.0 kB 2.6 MB/s eta 0:00:00
Downloading biopython-1.84-cp310-cp310-manylinux_2_17_x86_64.manylinux2014_x86_64.whl (3.2 MB)
   ━━━━━━━━━━━━━━━━━━━━━━━━━━━━━━━━━━━━━━━━ 3.2/3.2 MB 16.9 MB/s eta 0:00:00
Downloading gprofiler_official-1.0.0-py3-none-any.whl (9.3 kB)
Downloading mygene-3.2.2-py2.py3-none-any.whl (5.4 kB)
Downloading biothings_client-0.3.1-py2.py3-none-any.whl (29 kB)
Installing collected packages: biopython, gprofiler-official, biothings-client, mygene, Bio
Successfully installed Bio-1.7.1 biopython-1.84 biothings-client-0.3.1 gprofiler-official-1.0.0 mygene-3.2.2
Generating dataset for window size: 30
