================================================================
Program: CD-HIT, V4.8.1 (+OpenMP), Aug 03 2024, 22:51:27
Command: ./cd-hit-v4.8.1-2019-0228/cd-hit -i
         proteins_human.fasta -o
         ./cdhit_prot_0.5/proteins_human_50.fasta -d 10000 -c
         0.5 -n 3 -T 16 -M 4000

Started: Wed Oct 30 10:58:24 2024
================================================================
                            Output                              
----------------------------------------------------------------
total seq: 80093
longest and shortest : 8925 and 11
Total letters: 37789792
Sequences have been sorted

Approximated minimal memory consumption:
Sequence        : 49M
Buffer          : 16 X 13M = 213M
Table           : 2 X 1M = 2M
Miscellaneous   : 1M
Total           : 266M

Table limit with the given memory limit:
Max number of representatives: 4000000
Max number of word counting entries: 466626059


# comparing sequences from          0  to       4449
....---------- new table with     1377 representatives

# comparing sequences from       4449  to       8651
.......................
20.9%
21.0%
21.1%
21.2%
21.3%
21.4%
21.5%
21.7%
21.8%
21.9%
22.0%
22.1%
22.2%
22.3%
22.4%
22.5%
22.6%
22.7%
22.9%
23.0%
23.1%
23.2%
23.3%
23.4%
23.5%
23.6%
23.7%
23.8%
24.0%
24.1%
24.2%
24.3%
24.4%
24.5%
24.6%
24.7%
24.8%
24.9%
25.0%
25.1%
25.2%
25.4%
25.5%
25.6%
25.7%
25.8%
25.9%
26.0%
26.1%
26.3%
26.4%
26.5%
26.6%
26.7%
26.8%
26.9%
27.0%
27.1%
27.3%
27.4%
27.5%
27.6%
27.7%
27.8%
27.9%
28.0%
28.1%
28.3%
28.4%
28.5%
28.6%
28.7%
28.8%
28.9%
29.0%
29.2%
29.3%
29.4%
29.5%
29.6%
29.7%
29.8%
30.0%
30.1%
30.2%
30.3%
30.4%
30.5%
30.6%
30.7%
30.8%
30.9%
31.1%
31.2%
31.3%
31.4%
31.5%
31.6%
31.7%
31.9%
32.0%
32.1%
32.2%
32.3%
32.4%
32.5%
32.6%
32.7%
32.9%
33.0%
33.1%
33.2%
33.3%
33.4%
33.5%
33.6%
33.7%
33.8%
33.9%
34.0%
34.2%
34.3%
34.4%
34.5%
34.6%
34.7%
34.8%
34.9%
35.0%
35.2%
35.3%
35.4%
35.5%
35.6%
35.7%
35.8%
35.9%
36.0%
36.1%
36.2%
36.3%
36.4%
36.5%
36.6%
36.7%
36.8%
36.9%
37.0%
37.1%
37.2%
37.4%
37.5%
37.6%
37.7%
37.8%
37.9%
38.0%
38.1%
38.2%
38.3%
38.5%
38.6%
38.7%
38.8%
38.9%
39.0%
39.1%
39.2%
39.4%
39.5%
39.6%
39.7%
39.8%
39.9%
40.0%
40.1%
40.3%
40.4%
40.5%
40.6%
40.7%
40.8%
40.9%
41.0%
41.1%
41.2%
41.4%
41.5%
41.6%
41.7%
41.8%
41.9%
42.0%
42.1%
42.2%
42.3%
42.4%
42.6%
42.7%
42.8%
42.9%
43.0%
43.1%
43.2%
43.3%
43.5%
43.6%
43.7%
43.8%
43.9%
44.0%
44.1%
44.2%
44.3%
44.4%
44.6%
44.7%
44.8%
44.9%
45.0%
45.1%
45.2%
45.3%
45.4%
45.5%
45.6%
45.8%
45.9%
46.0%
46.1%
46.2%
46.3%
46.4%
46.5%
46.6%
46.7%
46.9%
47.0%
47.1%
47.2%
47.3%
47.4%
47.5%
47.6%
47.8%
47.9%
48.0%
48.1%
48.2%
48.3%
48.5%
48.6%
48.7%
48.8%
48.9%
49.0%
49.1%
49.2%
49.3%
49.4%
49.5%
49.6%
49.8%
49.9%
50.0%
50.1%
50.2%
50.3%
50.4%
50.5%
50.6%
50.7%
50.8%
50.9%
51.0%
51.2%
51.3%
51.4%
51.5%
51.6%
51.7%
51.8%
51.9%
52.1%
52.2%
52.3%
52.4%
52.5%
52.6%
52.7%
52.8%
52.9%
53.0%
53.2%
53.3%
53.4%
53.5%
53.6%
53.7%
53.8%
53.9%
54.0%
54.1%
54.3%
54.4%
54.5%
54.6%
54.7%
54.8%
54.9%
55.0%
55.1%
55.2%
55.4%
55.5%
55.6%
55.7%
55.8%
55.9%
56.0%
56.2%
56.3%
56.4%
56.5%
56.6%
56.7%
56.8%
56.9%
57.1%
57.2%
57.3%
57.4%
57.5%
57.6%
57.7%
57.8%
57.9%
58.1%
58.2%
58.3%
58.4%
58.5%
58.6%
58.7%
58.8%
58.9%
59.0%
59.1%
59.2%
59.3%
59.4%
59.5%
59.6%
59.8%
59.9%
60.0%
60.1%
60.2%
60.3%
60.4%
60.6%
60.7%
60.8%
60.9%
61.0%
61.1%
61.2%
61.3%
61.4%
61.5%
61.7%
61.8%
61.9%
62.0%
62.1%
62.2%
62.3%
62.4%
62.6%
62.7%
62.8%
62.9%
63.0%
63.1%
63.2%
63.3%
63.4%
63.6%
63.7%
63.8%
63.9%
64.0%
64.1%
64.2%
64.3%
64.5%
64.6%
64.7%
64.8%
64.9%
65.0%
65.1%
65.2%
65.3%
65.5%
65.6%
65.7%
65.8%
65.9%
66.0%
66.1%
66.2%
66.3%
66.5%
66.6%
66.7%
66.8%
66.9%
67.0%
67.1%
67.2%
67.3%
67.5%
67.6%
67.7%
67.8%
67.9%
68.0%
68.1%
68.2%
68.3%
68.4%
68.5%
68.6%
68.7%
68.9%
69.0%
69.1%
69.2%
69.3%
69.4%
69.5%
69.6%
69.7%
69.8%
69.9%
70.0%
70.1%
70.2%
70.3%
70.4%
70.5%
70.7%
70.8%
70.9%
71.0%
71.1%
71.2%
71.3%
71.4%
71.6%
71.7%
71.8%
71.9%
72.0%
72.1%
72.2%
72.3%
72.4%
72.6%
72.7%
72.8%
72.9%
73.0%
73.1%
73.2%
73.3%
73.4%
73.5%
73.6%
73.7%
73.8%
74.0%
74.1%
74.2%
74.3%
74.4%
74.5%
74.7%
74.8%
74.9%
75.0%
75.1%
75.2%
75.3%
75.4%
75.5%
75.7%
75.8%
75.9%
76.0%
76.1%
76.2%
76.3%
76.4%
76.5%
76.6%
76.8%
76.9%
77.0%
77.1%
77.2%
77.3%
77.4%
77.5%
77.7%
77.8%
77.9%
78.0%
78.1%
78.2%
78.3%
78.4%
78.5%
78.6%
78.8%
78.9%
79.0%
79.1%
79.2%
79.3%
79.5%
79.6%
79.7%
79.8%
79.9%
80.0%
80.1%
80.2%
80.3%
80.5%
80.6%
80.7%
80.8%
80.9%
81.0%
81.1%
81.2%
81.4%
81.5%
81.6%
81.7%
81.8%
81.9%
82.0%
82.1%
82.2%
82.4%
82.5%
82.6%
82.7%
82.8%
82.9%
83.0%
83.1%
83.2%
83.3%
83.4%
83.5%
83.6%
83.7%
83.8%
84.0%
84.1%
84.2%
84.3%
84.4%
84.5%
84.6%
84.7%
84.8%
84.9%
85.0%
85.2%
85.3%
85.4%
85.5%
85.6%
85.7%
85.8%
86.0%
86.1%
86.2%
86.3%
86.4%
86.5%
86.6%
86.7%
86.8%
86.9%
87.1%
87.2%
87.3%
87.4%
87.5%
87.6%
87.7%
87.8%
87.9%
88.0%
88.1%
88.2%
88.4%
88.5%
88.6%
88.7%
88.8%
88.9%
89.0%
89.1%
89.2%
89.3%
89.4%
89.5%
89.6%
89.8%
89.9%
90.0%
90.1%
90.2%
90.3%
90.4%
90.5%
90.6%
90.7%
90.8%
90.9%
91.1%
91.2%
91.3%
91.4%
91.5%
91.6%
91.7%
91.8%
91.9%
92.0%
92.1%
92.3%
92.4%
92.5%
92.6%
92.7%
92.8%
92.9%
93.0%
93.1%
93.2%
93.3%
93.4%
93.5%
93.6%
93.8%
93.9%
94.0%
94.1%
94.2%
94.3%
94.4%
94.5%
94.6%
94.7%
94.8%
94.9%
95.1%
95.2%
95.3%
95.4%
95.5%
95.6%
95.7%
95.8%
95.9%
96.0%
96.1%
96.3%
96.4%
96.5%
96.6%
96.7%
96.8%
96.9%
97.0%
97.1%
97.3%
97.4%
97.5%
97.6%
97.7%
97.8%
97.9%
98.0%
98.1%
98.2%
98.3%
98.4%
98.5%
98.6%
98.7%
98.9%
99.0%
99.1%
99.2%
99.3%
99.4%
99.5%
99.6%
99.7%
99.8%
99.9%---------- new table with     1161 representatives

# comparing sequences from       8651  to      12620
.....................
..........    10000  finished       2872  clusters
..
27.8%
27.9%
28.0%
28.1%
28.2%
28.3%
28.4%
28.5%
28.6%
28.7%
28.8%
29.0%
29.1%
29.2%
29.3%
29.4%
29.5%
29.6%
29.7%
29.8%
29.9%
30.0%
30.2%
30.3%
30.4%
30.5%
30.6%
30.7%
30.8%
30.9%
31.0%
31.1%
31.2%
31.4%
31.5%
31.6%
31.7%
31.8%
31.9%
32.0%
32.1%
32.2%
32.3%
32.4%
32.6%
32.7%
32.8%
32.9%
33.0%
33.1%
33.2%
33.3%
33.4%
33.6%
33.7%
33.8%
33.9%
34.0%
34.1%
34.2%
34.3%
34.5%
34.6%
34.7%
34.8%
34.9%
35.0%
35.1%
35.2%
35.3%
35.4%
35.5%
35.6%
35.8%
35.9%
36.0%
36.1%
36.2%
36.3%
36.4%
36.5%
36.6%
36.7%
36.8%
36.9%
37.1%
37.2%
37.3%
37.4%
37.5%
37.6%
37.7%
37.8%
37.9%
38.0%
38.2%
38.3%
38.4%
38.5%
38.6%
38.7%
38.8%
38.9%
39.0%
39.1%
39.2%
39.3%
39.5%
39.6%
39.7%
39.8%
39.9%
40.0%
40.1%
40.2%
40.3%
40.4%
40.5%
40.7%
40.8%
40.9%
41.0%
41.1%
41.2%
41.3%
41.4%
41.5%
41.6%
41.8%
41.9%
42.0%
42.1%
42.2%
42.3%
42.4%
42.5%
42.6%
42.7%
42.9%
43.0%
43.1%
43.2%
43.3%
43.4%
43.5%
43.6%
43.7%
43.8%
43.9%
44.1%
44.2%
44.3%
44.4%
44.5%
44.6%
44.7%
44.8%
44.9%
45.0%
45.1%
45.2%
45.3%
45.5%
45.6%
45.7%
45.8%
45.9%
46.0%
46.1%
46.2%
46.3%
46.4%
46.5%
46.6%
46.7%
46.9%
47.0%
47.1%
47.2%
47.3%
47.4%
47.5%
47.6%
47.7%
47.8%
47.9%
48.0%
48.2%
48.3%
48.4%
48.5%
48.6%
48.7%
48.8%
48.9%
49.0%
49.1%
49.2%
49.3%
49.4%
49.6%
49.7%
49.8%
49.9%
50.0%
50.1%
50.2%
50.3%
50.4%
50.5%
50.6%
50.8%
50.9%
51.0%
51.1%
51.2%
51.3%
51.4%
51.5%
51.7%
51.8%
51.9%
52.0%
52.1%
52.2%
52.3%
52.4%
52.5%
52.7%
52.8%
52.9%
53.0%
53.1%
53.2%
53.3%
53.4%
53.5%
53.6%
53.8%
53.9%
54.0%
54.1%
54.2%
54.3%
54.4%
54.5%
54.6%
54.7%
54.8%
55.0%
55.1%
55.2%
55.3%
55.4%
55.5%
55.6%
55.7%
55.8%
56.0%
56.1%
56.2%
56.3%
56.4%
56.5%
56.6%
56.8%
56.9%
57.0%
57.1%
57.2%
57.3%
57.4%
57.5%
57.6%
57.8%
57.9%
58.0%
58.1%
58.2%
58.3%
58.4%
58.5%
58.7%
58.8%
58.9%
59.0%
59.1%
59.2%
59.3%
59.4%
59.5%
59.6%
59.8%
59.9%
60.0%
60.1%
60.2%
60.3%
60.4%
60.5%
60.6%
60.7%
60.8%
61.0%
61.1%
61.2%
61.3%
61.4%
61.5%
61.6%
61.7%
61.9%
62.0%
62.1%
62.2%
62.3%
62.4%
62.5%
62.6%
62.7%
62.8%
63.0%
63.1%
63.2%
63.3%
63.4%
63.5%
63.6%
63.7%
63.8%
64.0%
64.1%
64.2%
64.3%
64.4%
64.5%
64.6%
64.7%
64.9%
65.0%
65.1%
65.2%
65.3%
65.4%
65.5%
65.6%
65.7%
65.9%
66.0%
66.1%
66.2%
66.3%
66.4%
66.5%
66.6%
66.7%
66.8%
66.9%
67.1%
67.2%
67.3%
67.4%
67.5%
67.6%
67.7%
67.8%
68.0%
68.1%
68.2%
68.3%
68.4%
68.5%
68.6%
68.8%
68.9%
69.0%
69.1%
69.2%
69.3%
69.4%
69.5%
69.6%
69.7%
69.9%
70.0%
70.1%
70.2%
70.3%
70.4%
70.5%
70.6%
70.8%
70.9%
71.0%
71.1%
71.2%
71.4%
71.5%
71.6%
71.7%
71.8%
71.9%
72.0%
72.1%
72.2%
72.3%
72.5%
72.6%
72.7%
72.8%
72.9%
73.0%
73.1%
73.2%
73.4%
73.5%
73.6%
73.7%
73.8%
73.9%
74.0%
74.1%
74.3%
74.4%
74.5%
74.6%
74.7%
74.8%
74.9%
75.0%
75.1%
75.3%
75.4%
75.5%
75.6%
75.7%
75.8%
75.9%
76.0%
76.1%
76.2%
76.3%
76.4%
76.6%
76.7%
76.8%
76.9%
77.0%
77.1%
77.2%
77.3%
77.5%
77.6%
77.7%
77.8%
77.9%
78.0%
78.1%
78.2%
78.3%
78.4%
78.5%
78.6%
78.8%
78.9%
79.0%
79.1%
79.2%
79.3%
79.4%
79.5%
79.6%
79.8%
79.9%
80.0%
80.1%
80.2%
80.3%
80.4%
80.5%
80.6%
80.7%
80.9%
81.0%
81.1%
81.2%
81.3%
81.4%
81.5%
81.6%
81.7%
81.9%
82.0%
82.1%
82.2%
82.3%
82.5%
82.6%
82.7%
82.8%
82.9%
83.0%
83.1%
83.2%
83.3%
83.4%
83.6%
83.7%
83.8%
83.9%
84.0%
84.1%
84.2%
84.3%
84.4%
84.6%
84.7%
84.8%
84.9%
85.0%
85.1%
85.2%
85.4%
85.5%
85.6%
85.7%
85.8%
85.9%
86.0%
86.1%
86.2%
86.4%
86.5%
86.6%
86.7%
86.8%
86.9%
87.0%
87.1%
87.2%
87.3%
87.5%
87.6%
87.7%
87.8%
87.9%
88.0%
88.1%
88.2%
88.4%
88.5%
88.6%
88.7%
88.8%
88.9%
89.0%
89.1%
89.2%
89.3%
89.4%
89.5%
89.7%
89.8%
89.9%
90.0%
90.1%
90.2%
90.3%
90.4%
90.6%
90.7%
90.8%
90.9%
91.0%
91.1%
91.2%
91.3%
91.4%
91.5%
91.6%
91.8%
91.9%
92.0%
92.1%
92.2%
92.3%
92.4%
92.5%
92.6%
92.7%
92.9%
93.0%
93.1%
93.2%
93.3%
93.4%
93.5%
93.6%
93.7%
93.8%
94.0%
94.1%
94.2%
94.3%
94.4%
94.5%
94.6%
94.8%
94.9%
95.0%
95.1%
95.2%
95.3%
95.4%
95.5%
95.6%
95.7%
95.8%
95.9%
96.0%
96.2%
96.3%
96.4%
96.5%
96.6%
96.7%
96.8%
96.9%
97.0%
97.2%
97.3%
97.4%
97.5%
97.6%
97.7%
97.8%
97.9%
98.1%
98.2%
98.3%
98.4%
98.5%
98.6%
98.7%
98.8%
99.0%
99.1%
99.2%
99.3%
99.4%
99.5%
99.6%
99.8%---------- new table with      994 representatives

# comparing sequences from      12620  to      16368
....................
32.5%
32.6%
32.7%
32.8%
33.0%
33.1%
33.2%
33.3%
33.4%
33.5%
33.6%
33.7%
33.8%
33.9%
34.0%
34.1%
34.3%
34.4%
34.5%
34.6%
34.7%
34.8%
34.9%
35.0%
35.1%
35.2%
35.4%
35.5%
35.6%
35.7%
35.8%
35.9%
36.0%
36.1%
36.2%
36.3%
36.4%
36.5%
36.6%
36.7%
36.9%
37.0%
37.1%
37.2%
37.3%
37.4%
37.5%
37.6%
37.7%
37.9%
38.0%
38.1%
38.2%
38.3%
38.4%
38.5%
38.6%
38.7%
38.9%
39.0%
39.1%
39.2%
39.3%
39.4%
39.5%
39.6%
39.7%
39.8%
40.0%
40.1%
40.2%
40.3%
40.4%
40.5%
40.6%
40.7%
40.8%
40.9%
41.0%
41.2%
41.3%
41.4%
41.5%
41.6%
41.7%
41.8%
41.9%
42.1%
42.2%
42.3%
42.4%
42.5%
42.6%
42.7%
42.8%
42.9%
43.0%
43.2%
43.3%
43.4%
43.5%
43.6%
43.7%
43.8%
43.9%
44.0%
44.2%
44.3%
44.4%
44.5%
44.6%
44.7%
44.8%
44.9%
45.0%
45.2%
45.3%
45.4%
45.5%
45.6%
45.7%
45.9%
46.0%
46.1%
46.2%
46.3%
46.4%
46.5%
46.6%
46.7%
46.8%
46.9%
47.1%
47.2%
47.3%
47.4%
47.5%
47.6%
47.7%
47.8%
47.9%
48.0%
48.1%
48.2%
48.3%
48.5%
48.6%
48.7%
48.8%
48.9%
49.0%
49.1%
49.2%
49.3%
49.5%
49.6%
49.7%
49.8%
49.9%
50.0%
50.1%
50.2%
50.3%
50.4%
50.5%
50.7%
50.8%
50.9%
51.0%
51.1%
51.2%
51.3%
51.4%
51.5%
51.6%
51.8%
51.9%
52.0%
52.1%
52.2%
52.3%
52.4%
52.5%
52.6%
52.8%
52.9%
53.0%
53.1%
53.2%
53.3%
53.4%
53.5%
53.6%
53.7%
53.8%
54.0%
54.1%
54.2%
54.3%
54.4%
54.5%
54.6%
54.7%
54.8%
54.9%
55.1%
55.2%
55.3%
55.4%
55.5%
55.6%
55.7%
55.8%
55.9%
56.0%
56.2%
56.3%
56.4%
56.5%
56.6%
56.7%
56.8%
56.9%
57.0%
57.1%
57.3%
57.4%
57.5%
57.6%
57.7%
57.8%
57.9%
58.0%
58.1%
58.2%
58.3%
58.4%
58.6%
58.7%
58.8%
58.9%
59.0%
59.1%
59.2%
59.3%
59.5%
59.6%
59.7%
59.8%
59.9%
60.0%
60.1%
60.2%
60.3%
60.5%
60.6%
60.7%
60.8%
60.9%
61.0%
61.1%
61.2%
61.3%
61.4%
61.5%
61.7%
61.8%
61.9%
62.0%
62.1%
62.2%
62.3%
62.4%
62.6%
62.7%
62.8%
62.9%
63.0%
63.1%
63.2%
63.3%
63.4%
63.6%
63.7%
63.8%
63.9%
64.0%
64.1%
64.2%
64.3%
64.5%
64.6%
64.7%
64.8%
64.9%
65.0%
65.1%
65.2%
65.3%
65.4%
65.5%
65.6%
65.7%
65.9%
66.0%
66.1%
66.2%
66.3%
66.4%
66.5%
66.6%
66.7%
66.8%
67.0%
67.1%
67.2%
67.3%
67.4%
67.5%
67.6%
67.7%
67.9%
68.0%
68.1%
68.2%
68.3%
68.4%
68.5%
68.6%
68.8%
68.9%
69.0%
69.1%
69.2%
69.3%
69.4%
69.5%
69.6%
69.8%
69.9%
70.0%
70.1%
70.2%
70.3%
70.4%
70.5%
70.7%
70.8%
70.9%
71.0%
71.1%
71.2%
71.3%
71.4%
71.5%
71.7%
71.8%
71.9%
72.0%
72.1%
72.3%
72.4%
72.5%
72.6%
72.7%
72.8%
72.9%
73.1%
73.2%
73.3%
73.4%
73.5%
73.7%
73.8%
73.9%
74.0%
74.1%
74.2%
74.3%
74.4%
74.5%
74.7%
74.8%
74.9%
75.0%
75.1%
75.3%
75.4%
75.5%
75.6%
75.7%
75.8%
75.9%
76.1%
76.2%
76.3%
76.4%
76.5%
76.6%
76.7%
76.8%
76.9%
77.0%
77.1%
77.2%
77.3%
77.4%
77.5%
77.6%
77.8%
77.9%
78.0%
78.1%
78.2%
78.3%
78.4%
78.5%
78.6%
78.7%
78.9%
79.0%
79.1%
79.2%
79.3%
79.4%
79.5%
79.6%
79.8%
79.9%
80.0%
80.1%
80.2%
80.3%
80.4%
80.5%
80.7%
80.8%
80.9%
81.0%
81.1%
81.2%
81.3%
81.5%
81.6%
81.7%
81.8%
81.9%
82.0%
82.1%
82.2%
82.3%
82.5%
82.6%
82.7%
82.8%
82.9%
83.0%
83.1%
83.3%
83.4%
83.5%
83.6%
83.7%
83.8%
83.9%
84.0%
84.2%
84.3%
84.4%
84.5%
84.6%
84.7%
84.9%
85.0%
85.1%
85.2%
85.3%
85.4%
85.5%
85.6%
85.8%
85.9%
86.0%
86.1%
86.2%
86.3%
86.4%
86.6%
86.7%
86.8%
86.9%
87.0%
87.2%
87.3%
87.4%
87.5%
87.6%
87.7%
87.8%
88.0%
88.1%
88.2%
88.3%
88.5%
88.6%
88.7%
88.8%
88.9%
89.0%
89.1%
89.2%
89.4%
89.5%
89.6%
89.7%
89.8%
89.9%
90.0%
90.2%
90.3%
90.4%
90.5%
90.6%
90.7%
90.8%
91.0%
91.1%
91.2%
91.3%
91.4%
91.5%
91.6%
91.7%
91.9%
92.0%
92.1%
92.2%
92.3%
92.4%
92.5%
92.6%
92.7%
92.9%
93.0%
93.1%
93.2%
93.3%
93.4%
93.5%
93.7%
93.8%
93.9%
94.0%
94.1%
94.2%
94.3%
94.4%
94.5%
94.6%
94.8%
94.9%
95.0%
95.1%
95.3%
95.4%
95.5%
95.6%
95.7%
95.8%
95.9%
96.0%
96.1%
96.3%
96.4%
96.5%
96.6%
96.7%
96.8%
96.9%
97.1%
97.2%
97.3%
97.4%
97.5%
97.6%
97.7%
97.8%
97.9%
98.1%
98.2%
98.3%
98.4%
98.5%
98.6%
98.7%
98.8%
98.9%
99.1%
99.2%
99.3%
99.4%
99.5%
99.6%
99.7%
99.8%---------- new table with      931 representatives

# comparing sequences from      16368  to      19908
..................
36.1%
36.2%
36.3%
36.4%
36.5%
36.6%
36.7%
36.9%
37.0%
37.1%
37.2%
37.3%
37.4%
37.5%
37.6%
37.7%
37.8%
38.0%
38.1%
38.2%
38.3%
38.4%
38.5%
38.7%
38.8%
38.9%
39.0%
39.1%
39.2%
39.3%
39.4%
39.5%
39.7%
39.8%
39.9%
40.0%
40.1%
40.2%
40.3%
40.4%
40.6%
40.7%
40.8%
40.9%
41.0%
41.1%
41.3%
41.4%
41.5%
41.6%
41.7%
41.8%
41.9%
42.0%
42.2%
42.3%
42.4%
42.5%
42.6%
42.7%
42.9%
43.0%
43.1%
43.2%
43.3%
43.4%
43.5%
43.6%
43.7%
43.9%
44.0%
44.1%
44.2%
44.3%
44.4%
44.5%
44.7%
44.8%
44.9%
45.0%
45.1%
45.2%
45.3%
45.5%
45.6%
45.7%
45.8%
45.9%
46.0%
46.1%
46.3%
46.4%
46.5%
46.6%
46.7%
46.8%
46.9%
47.0%
47.2%
47.3%
47.4%
47.5%
47.6%
47.7%
47.8%
47.9%
48.1%
48.2%
48.3%
48.4%
48.5%
48.6%
48.7%
48.8%
48.9%
49.0%
49.1%
49.2%
49.4%
49.5%
49.6%
49.7%
49.8%
49.9%
50.0%
50.1%
50.3%
50.4%
50.5%
50.6%
50.7%
50.8%
50.9%
51.0%
51.1%
51.2%
51.4%
51.5%
51.6%
51.7%
51.8%
51.9%
52.1%
52.2%
52.3%
52.4%
52.5%
52.6%
52.7%
52.8%
53.0%
53.1%
53.2%
53.3%
53.4%
53.5%
53.6%
53.7%
53.8%
53.9%
54.0%
54.2%
54.3%
54.4%
54.5%
54.6%
54.7%
54.8%
54.9%
55.0%
55.1%
55.2%
55.4%
55.5%
55.6%
55.7%
55.8%
55.9%
56.0%
56.1%
56.2%
56.3%
56.4%
56.6%
56.7%
56.8%
56.9%
57.0%
57.1%
57.2%
57.3%
57.4%
57.5%
57.6%
57.8%
57.9%
58.0%
58.1%
58.2%
58.3%
58.4%
58.5%
58.7%
58.8%
58.9%
59.0%
59.1%
59.2%
59.3%
59.4%
59.5%
59.7%
59.8%
59.9%
60.0%
60.1%
60.2%
60.3%
60.4%
60.5%
60.7%
60.8%
60.9%
61.0%
61.1%
61.2%
61.3%
61.4%
61.6%
61.7%
61.8%
61.9%
62.0%
62.1%
62.3%
62.4%
62.5%
62.6%
62.7%
62.8%
62.9%
63.1%
63.2%
63.3%
63.4%
63.5%
63.6%
63.7%
63.8%
64.0%
64.1%
64.2%
64.3%
64.4%
64.5%
64.6%
64.7%
64.8%
64.9%
65.1%
65.2%
65.3%
65.4%
65.5%
65.6%
65.7%
65.8%
65.9%
66.1%
66.2%
66.3%
66.4%
66.5%
66.6%
66.7%
66.9%
67.0%
67.1%
67.2%
67.3%
67.4%
67.5%
67.6%
67.8%
67.9%
68.0%
68.1%
68.2%
68.3%
68.4%
68.5%
68.6%
68.8%
68.9%
69.0%
69.1%
69.2%
69.3%
69.4%
69.6%
69.7%
69.8%
69.9%
70.0%
70.1%
70.2%
70.3%
70.5%
70.6%
70.7%
70.8%
70.9%
71.0%
71.1%
71.2%
71.4%
71.5%
71.6%
71.7%
71.8%
71.9%
72.0%
72.1%
72.3%
72.4%
72.5%
72.6%
72.7%
72.8%
72.9%
73.0%
73.1%
73.2%
73.4%
73.5%
73.6%
73.7%
73.8%
73.9%
74.0%
74.1%
74.2%
74.4%
74.5%
74.6%
74.7%
74.8%
74.9%
75.0%
75.1%
75.3%
75.4%
75.5%
75.6%
75.7%
75.8%
75.9%
76.0%
76.2%
76.3%
76.4%
76.5%
76.6%
76.7%
76.8%
76.9%
77.0%
77.2%
77.3%
77.4%
77.5%
77.6%
77.7%
77.8%
78.0%
78.1%
78.2%
78.3%
78.4%
78.5%
78.6%
78.8%
78.9%
79.0%
79.1%
79.2%
79.3%
79.4%
79.5%
79.7%
79.8%
79.9%
80.0%
80.1%
80.2%
80.3%
80.4%
80.5%
80.7%
80.8%
80.9%
81.0%
81.1%
81.2%
81.3%
81.5%
81.6%
81.7%
81.8%
81.9%
82.0%
82.1%
82.2%
82.3%
82.5%
82.6%
82.7%
82.8%
82.9%
83.1%
83.2%
83.3%
83.4%
83.5%
83.6%
83.7%
83.8%
83.9%
84.1%
84.2%
84.3%
84.4%
84.5%
84.6%
84.7%
84.8%
85.0%
85.1%
85.2%
85.3%
85.4%
85.5%
85.6%
85.7%
85.8%
86.0%
86.1%
86.2%
86.3%
86.4%
86.5%
86.6%
86.7%
86.8%
87.0%
87.1%
87.2%
87.3%
87.4%
87.5%
87.6%
87.7%
87.9%
88.0%
88.1%
88.2%
88.3%
88.5%
88.6%
88.7%
88.8%
88.9%
89.0%
89.1%
89.2%
89.4%
89.5%
89.6%
89.7%
89.8%
89.9%
90.0%
90.1%
90.3%
90.4%
90.5%
90.6%
90.7%
90.8%
90.9%
91.0%
91.1%
91.2%
91.3%
91.4%
91.5%
91.7%
91.8%
91.9%
92.0%
92.1%
92.2%
92.3%
92.5%
92.6%
92.7%
92.8%
92.9%
93.0%
93.2%
93.3%
93.4%
93.5%
93.6%
93.7%
93.8%
93.9%
94.1%
94.2%
94.3%
94.4%
94.5%
94.6%
94.7%
94.8%
95.0%
95.1%
95.2%
95.3%
95.4%
95.6%
95.7%
95.8%
95.9%
96.0%
96.1%
96.2%
96.3%
96.4%
96.6%
96.7%
96.8%
96.9%
97.0%
97.1%
97.3%
97.4%
97.5%
97.6%
97.7%
97.8%
98.0%
98.1%
98.2%
98.3%
98.4%
98.5%
98.6%
98.7%
98.9%
99.0%
99.1%
99.2%
99.3%
99.4%
99.5%
99.6%
99.8%---------- new table with      852 representatives

# comparing sequences from      19908  to      23251
.................
40.4%
40.5%
40.7%
40.8%
40.9%
41.0%
41.1%
41.2%
41.3%
41.4%
41.6%
41.7%
41.8%
41.9%
42.0%
42.1%
42.2%
42.3%
42.4%
42.6%
42.7%
42.8%
42.9%
43.0%
43.1%
43.3%
43.4%
43.5%
43.6%
43.7%
43.8%
43.9%
44.0%
44.1%
44.3%
44.4%
44.5%
44.6%
44.7%
44.8%
44.9%
45.1%
45.2%
45.3%
45.4%
45.5%
45.7%
45.8%
45.9%
46.0%
46.1%
46.3%
46.4%
46.5%
46.6%
46.7%
46.8%
46.9%
47.0%
47.1%
47.3%
47.4%
47.5%
47.6%
47.7%
47.8%
47.9%
48.0%
48.2%
48.3%
48.4%
48.5%
48.6%
48.7%
48.8%
48.9%
49.0%
49.1%
49.3%
49.4%
49.5%
49.6%
49.7%
49.8%
49.9%
50.1%
50.2%
50.3%
50.4%
50.5%
50.6%
50.7%
50.8%
50.9%
51.0%
51.1%
51.3%
51.4%
51.5%
51.6%
51.7%
51.8%
51.9%
52.0%
52.1%
52.3%
52.4%
52.5%
52.6%
52.7%
52.8%
52.9%
53.0%
53.2%
53.3%
53.4%
53.5%
53.6%
53.7%
53.9%
54.0%
54.1%
54.2%
54.3%
54.4%
54.6%
54.7%
54.8%
54.9%
55.0%
55.1%
55.2%
55.3%
55.4%
55.6%
55.7%
55.8%
55.9%
56.0%
56.1%
56.3%
56.4%
56.5%
56.6%
56.7%
56.8%
56.9%
57.0%
57.1%
57.2%
57.3%
57.5%
57.6%
57.7%
57.8%
57.9%
58.0%
58.1%
58.2%
58.3%
58.4%
58.5%
58.6%
58.8%
58.9%
59.0%
59.1%
59.2%
59.3%
59.4%
59.5%
59.6%
59.8%
59.9%
60.0%
60.1%
60.2%
60.3%
60.5%
60.6%
60.7%
60.8%
60.9%
61.0%
61.1%
61.2%
61.3%
61.4%
61.6%
61.7%
61.8%
61.9%
62.0%
62.1%
62.2%
62.3%
62.4%
62.6%
62.7%
62.8%
62.9%
63.0%
63.1%
63.2%
63.3%
63.4%
63.5%
63.6%
63.7%
63.9%
64.0%
64.1%
64.2%
64.3%
64.4%
64.5%
64.6%
64.8%
64.9%
65.0%
65.1%
65.2%
65.3%
65.4%
65.5%
65.6%
65.7%
65.9%
66.0%
66.1%
66.2%
66.3%
66.4%
66.5%
66.6%
66.7%
66.8%
66.9%
67.1%
67.2%
67.3%
67.4%
67.5%
67.6%
67.7%
67.8%
67.9%
68.0%
68.2%
68.3%
68.4%
68.5%
68.6%
68.7%
68.8%
69.0%
69.1%
69.2%
69.3%
69.4%
69.5%
69.6%
69.7%
69.8%
69.9%
70.0%
70.2%
70.3%
70.4%
70.5%
70.6%
70.7%
70.9%
71.0%
71.1%
71.2%
71.3%
71.4%
71.5%
71.6%
71.7%
71.9%
72.0%
72.1%
72.2%
72.3%
72.4%
72.6%
72.7%
72.8%
72.9%
73.0%
73.1%
73.2%
73.4%
73.5%
73.6%
73.7%
73.8%
73.9%
74.0%
74.1%
74.2%
74.3%
74.4%
74.6%
74.7%
74.8%
74.9%
75.0%
75.1%
75.2%
75.4%
75.5%
75.6%
75.7%
75.8%
75.9%
76.1%
76.2%
76.3%
76.4%
76.5%
76.6%
76.7%
76.8%
76.9%
77.1%
77.2%
77.3%
77.4%
77.5%
77.6%
77.7%
77.8%
77.9%
78.0%
78.2%
78.3%
78.4%
78.5%
78.6%
78.7%
78.8%
79.0%
79.1%
79.2%
79.3%
79.4%
79.5%
79.6%
79.8%
79.9%
80.0%
80.1%
80.2%
80.3%
80.4%
80.5%
80.7%
80.8%
80.9%
81.0%
81.1%
81.3%
81.4%
81.5%
81.6%
81.7%
81.9%
82.0%
82.1%
82.2%
82.3%
82.4%
82.5%
82.7%
82.8%
82.9%
83.0%
83.1%
83.2%
83.4%
83.5%
83.6%
83.7%
83.8%
83.9%
84.0%
84.2%
84.3%
84.4%
84.5%
84.6%
84.7%
84.8%
85.0%
85.1%
85.2%
85.3%
85.4%
85.5%
85.6%
85.8%
85.9%
86.0%
86.1%
86.2%
86.3%
86.5%
86.6%
86.7%
86.8%
86.9%
87.0%
87.1%
87.3%
87.4%
87.5%
87.6%
87.7%
87.8%
88.0%
88.1%
88.2%
88.3%
88.4%
88.6%
88.7%
88.8%
88.9%
89.0%
89.1%
89.2%
89.3%
89.4%
89.6%
89.7%
89.8%
89.9%
90.0%
90.1%
90.2%
90.3%
90.4%
90.6%
90.7%
90.8%
90.9%
91.0%
91.1%
91.2%
91.4%
91.5%
91.6%
91.7%
91.8%
91.9%
92.0%
92.1%
92.3%
92.4%
92.5%
92.6%
92.7%
92.8%
92.9%
93.0%
93.2%
93.3%
93.4%
93.5%
93.6%
93.7%
93.8%
94.0%
94.1%
94.2%
94.3%
94.4%
94.5%
94.6%
94.7%
94.8%
94.9%
95.0%
95.2%
95.3%
95.4%
95.5%
95.7%
95.8%
95.9%
96.0%
96.1%
96.2%
96.3%
96.4%
96.6%
96.7%
96.8%
96.9%
97.0%
97.2%
97.3%
97.4%
97.5%
97.6%
97.7%
97.8%
97.9%
98.1%
98.2%
98.3%
98.4%
98.5%
98.6%
98.7%
98.8%
99.0%
99.1%
99.2%
99.3%
99.4%
99.5%
99.6%
99.7%
99.9%---------- new table with      828 representatives

# comparing sequences from      23251  to      26408
..............
44.1%
44.3%
44.4%
44.5%
44.6%
44.7%
44.8%
44.9%
45.0%
45.1%
45.3%
45.4%
45.5%
45.6%
45.7%
45.8%
45.9%
46.0%
46.1%
46.3%
46.4%
46.5%
46.6%
46.7%
46.8%
46.9%
47.1%
47.2%
47.3%
47.4%
47.5%
47.6%
47.8%
47.9%
48.0%
48.1%
48.2%
48.3%
48.4%
48.6%
48.7%
48.8%
48.9%
49.0%
49.1%
49.2%
49.4%
49.5%
49.6%
49.7%
49.8%
49.9%
50.0%
50.1%
50.2%
50.3%
50.4%
50.5%
50.7%
50.8%
50.9%
51.0%
51.1%
51.2%
51.3%
51.4%
51.6%
51.7%
51.8%
51.9%
52.0%
52.2%
52.3%
52.4%
52.5%
52.6%
52.7%
52.8%
52.9%
53.1%
53.2%
53.3%
53.4%
53.5%
53.6%
53.8%
53.9%
54.0%
54.1%
54.2%
54.3%
54.4%
54.5%
54.7%
54.8%
54.9%
55.0%
55.1%
55.2%
55.3%
55.4%
55.5%
55.7%
55.8%
55.9%
56.0%
56.1%
56.2%
56.3%
56.4%
56.6%
56.7%
56.8%
56.9%
57.0%
57.1%
57.2%
57.3%
57.4%
57.5%
57.6%
57.8%
57.9%
58.0%
58.1%
58.2%
58.3%
58.4%
58.5%
58.7%
58.8%
58.9%
59.0%
59.1%
59.2%
59.3%
59.4%
59.6%
59.7%
59.8%
59.9%
60.0%
60.1%
60.2%
60.3%
60.4%
60.5%
60.6%
60.8%
60.9%
61.0%
61.1%
61.2%
61.3%
61.4%
61.6%
61.7%
61.8%
61.9%
62.0%
62.1%
62.2%
62.4%
62.5%
62.6%
62.7%
62.8%
62.9%
63.1%
63.2%
63.3%
63.4%
63.5%
63.6%
63.7%
63.8%
63.9%
64.0%
64.1%
64.3%
64.4%
64.5%
64.6%
64.7%
64.8%
64.9%
65.0%
65.2%
65.3%
65.4%
65.5%
65.6%
65.7%
65.8%
65.9%
66.1%
66.2%
66.3%
66.4%
66.5%
66.6%
66.8%
66.9%
67.0%
67.1%
67.2%
67.3%
67.4%
67.6%
67.7%
67.8%
67.9%
68.0%
68.1%
68.3%
68.4%
68.5%
68.6%
68.7%
68.8%
68.9%
69.0%
69.1%
69.2%
69.4%
69.5%
69.6%
69.7%
69.8%
69.9%
70.0%
70.1%
70.3%
70.4%
70.5%
70.6%
70.7%
70.8%
70.9%
71.1%
71.2%
71.3%
71.4%
71.5%
71.6%
71.7%
71.8%
72.0%
72.1%
72.2%
72.3%
72.4%
72.5%
72.6%
72.7%
72.8%
72.9%
73.0%
73.1%
73.2%
73.3%
73.4%
73.5%
73.7%
73.8%
73.9%
74.0%
74.2%
74.3%
74.4%
74.5%
74.6%
74.7%
74.8%
74.9%
75.0%
75.2%
75.3%
75.4%
75.5%
75.6%
75.7%
75.9%
76.0%
76.1%
76.2%
76.3%
76.4%
76.5%
76.7%
76.8%
76.9%
77.0%
77.1%
77.2%
77.3%
77.4%
77.5%
77.6%
77.7%
77.8%
77.9%
78.0%
78.2%
78.3%
78.4%
78.5%
78.6%
78.7%
78.8%
78.9%
79.0%
79.2%
79.3%
79.4%
79.5%
79.6%
79.7%
79.9%
80.0%
80.1%
80.2%
80.3%
80.4%
80.5%
80.6%
80.7%
80.9%
81.0%
81.1%
81.2%
81.3%
81.4%
81.5%
81.7%
81.8%
81.9%
82.0%
82.1%
82.3%
82.4%
82.5%
82.6%
82.7%
82.9%
83.0%
83.1%
83.2%
83.3%
83.4%
83.6%
83.7%
83.8%
83.9%
84.0%
84.1%
84.2%
84.3%
84.5%
84.6%
84.7%
84.8%
85.0%
85.1%
85.2%
85.3%
85.4%
85.5%
85.6%
85.7%
85.9%
86.0%
86.1%
86.2%
86.3%
86.4%
86.5%
86.6%
86.7%
86.9%
87.0%
87.1%
87.2%
87.3%
87.5%
87.6%
87.7%
87.8%
87.9%
88.0%
88.1%
88.2%
88.3%
88.4%
88.5%
88.7%
88.8%
88.9%
89.0%
89.1%
89.3%
89.4%
89.5%
89.6%
89.7%
89.9%
90.0%
90.1%
90.2%
90.3%
90.4%
90.6%
90.7%
90.8%
90.9%
91.0%
91.1%
91.2%
91.3%
91.5%
91.6%
91.7%
91.8%
91.9%
92.0%
92.1%
92.2%
92.4%
92.5%
92.6%
92.8%
92.9%
93.0%
93.1%
93.2%
93.3%
93.4%
93.5%
93.6%
93.7%
93.8%
93.9%
94.1%
94.2%
94.3%
94.4%
94.5%
94.6%
94.7%
94.8%
95.0%
95.1%
95.2%
95.3%
95.4%
95.5%
95.7%
95.8%
95.9%
96.0%
96.1%
96.2%
96.3%
96.5%
96.6%
96.7%
96.8%
96.9%
97.0%
97.2%
97.3%
97.4%
97.5%
97.6%
97.7%
97.8%
97.9%
98.1%
98.2%
98.3%
98.4%
98.5%
98.7%
98.8%
98.9%
99.0%
99.1%
99.3%
99.4%
99.5%
99.6%
99.7%
99.9%---------- new table with      798 representatives

# comparing sequences from      26408  to      29390
..........
45.8%
45.9%
46.0%
46.1%
46.2%
46.3%
46.4%
46.5%
46.7%
46.8%
46.9%
47.0%
47.1%
47.2%
47.3%
47.4%
47.6%
47.7%
47.8%
47.9%
48.0%
48.1%
48.2%
48.3%
48.5%
48.6%
48.7%
48.8%
48.9%
49.0%
49.1%
49.2%
49.4%
49.5%
49.6%
49.7%
49.8%
49.9%
50.1%
50.2%
50.3%
50.4%
50.5%
50.6%
50.7%
50.8%
51.0%
51.1%
51.2%
51.3%
51.4%
51.5%
51.6%
51.7%
51.8%
51.9%
52.0%
52.2%
52.3%
52.4%
52.5%
52.6%
52.7%
52.8%
53.0%
53.1%
53.2%
53.3%
53.4%
53.5%
53.6%
53.7%
53.9%
54.0%
54.1%
54.2%
54.3%
54.4%
54.5%
54.6%
54.7%
54.9%
55.0%
55.1%
55.2%
55.3%
55.4%
55.5%
55.7%
55.8%
55.9%
56.0%
56.1%
56.2%
56.3%
56.5%
56.6%
56.7%
56.8%
56.9%
57.0%
57.1%
57.2%
57.3%
57.5%
57.6%
57.7%
57.8%
57.9%
58.0%
58.2%
58.3%
58.4%
58.5%
58.6%
58.7%
58.9%
59.0%
59.1%
59.2%
59.3%
59.4%
59.6%
59.7%
59.8%
59.9%
60.0%
60.2%
60.3%
60.4%
60.5%
60.6%
60.7%
60.9%
61.0%
61.1%
61.2%
61.3%
61.5%
61.6%
61.7%
61.8%
61.9%
62.0%
62.2%
62.3%
62.4%
62.5%
62.6%
62.7%
62.8%
62.9%
63.1%
63.2%
63.3%
63.4%
63.5%
63.6%
63.7%
63.8%
63.9%
64.1%
64.2%
64.3%
64.4%
64.5%
64.6%
64.8%
64.9%
65.0%
65.1%
65.2%
65.3%
65.4%
65.6%
65.7%
65.8%
65.9%
66.0%
66.1%
66.2%
66.3%
66.4%
66.6%
66.7%
66.8%
66.9%
67.0%
67.1%
67.2%
67.3%
67.4%
67.6%
67.7%
67.8%
67.9%
68.0%
68.1%
68.2%
68.3%
68.5%
68.6%
68.7%
68.8%
68.9%
69.0%
69.2%
69.3%
69.4%
69.5%
69.6%
69.7%
69.9%
70.0%
70.1%
70.2%
70.3%
70.4%
70.5%
70.7%
70.8%
70.9%
71.0%
71.1%
71.2%
71.3%
71.4%
71.5%
71.6%
71.7%
71.8%
72.0%
72.1%
72.2%
72.4%
72.5%
72.6%
72.7%
72.8%
72.9%
73.0%
73.1%
73.2%
73.4%
73.5%
73.6%
73.7%
73.8%
73.9%
74.1%
74.2%
74.3%
74.4%
74.5%
74.6%
74.7%
74.9%
75.0%
75.1%
75.2%
75.4%
75.5%
75.6%
75.7%
75.8%
75.9%
76.1%
76.2%
76.3%
76.4%
76.5%
76.6%
76.7%
76.9%
77.0%
77.1%
77.2%
77.3%
77.5%
77.6%
77.7%
77.8%
77.9%
78.0%
78.1%
78.2%
78.4%
78.5%
78.6%
78.7%
78.8%
78.9%
79.0%
79.2%
79.3%
79.4%
79.5%
79.6%
79.7%
79.8%
79.9%
80.1%
80.2%
80.3%
80.4%
80.5%
80.6%
80.7%
80.9%
81.0%
81.1%
81.2%
81.3%
81.4%
81.5%
81.6%
81.8%
81.9%
82.0%
82.1%
82.2%
82.4%
82.5%
82.6%
82.7%
82.8%
82.9%
83.0%
83.1%
83.3%
83.4%
83.5%
83.6%
83.7%
83.8%
83.9%
84.0%
84.2%
84.3%
84.4%
84.5%
84.6%
84.7%
84.9%
85.0%
85.1%
85.2%
85.3%
85.4%
85.6%
85.7%
85.8%
85.9%
86.0%
86.1%
86.2%
86.3%
86.4%
86.6%
86.7%
86.9%
87.0%
87.1%
87.2%
87.3%
87.4%
87.5%
87.7%
87.8%
87.9%
88.0%
88.1%
88.2%
88.3%
88.5%
88.6%
88.7%
88.8%
88.9%
89.0%
89.1%
89.3%
89.4%
89.5%
89.6%
89.8%
89.9%
90.0%
90.1%
90.2%
90.4%
90.5%
90.6%
90.7%
90.8%
91.0%
91.1%
91.2%
91.3%
91.4%
91.5%
91.7%
91.8%
91.9%
92.0%
92.1%
92.3%
92.4%
92.5%
92.6%
92.7%
92.9%
93.0%
93.1%
93.2%
93.3%
93.4%
93.5%
93.7%
93.8%
93.9%
94.0%
94.1%
94.2%
94.4%
94.5%
94.6%
94.7%
94.8%
94.9%
95.0%
95.1%
95.3%
95.4%
95.5%
95.6%
95.7%
95.9%
96.0%
96.1%
96.2%
96.4%
96.5%
96.6%
96.7%
96.8%
96.9%
97.0%
97.2%
97.3%
97.4%
97.5%
97.6%
97.7%
97.8%
98.0%
98.1%
98.2%
98.3%
98.4%
98.5%
98.7%
98.8%
98.9%
99.0%
99.1%
99.2%
99.3%
99.5%
99.6%
99.7%
99.8%---------- new table with      690 representatives

# comparing sequences from      29390  to      32206
...........
48.7%
48.9%
49.0%
49.1%
49.2%
49.3%
49.4%
49.5%
49.6%
49.8%
49.9%
50.0%
50.1%
50.3%
50.4%
50.5%
50.6%
50.7%
50.8%
50.9%
51.0%
51.2%
51.3%
51.4%
51.5%
51.6%
51.7%
51.9%
52.0%
52.1%
52.2%
52.3%
52.4%
52.5%
52.6%
52.8%
52.9%
53.0%
53.1%
53.3%
53.4%
53.5%
53.6%
53.7%
53.8%
54.0%
54.1%
54.2%
54.4%
54.5%
54.6%
54.7%
54.8%
54.9%
55.0%
55.2%
55.3%
55.4%
55.5%
55.6%
55.7%
55.9%
56.0%
56.1%
56.2%
56.3%
56.5%
56.6%
56.7%
56.8%
56.9%
57.0%
57.1%
57.2%
57.3%
57.4%
57.5%
57.7%
57.8%
57.9%
58.0%
58.1%
58.3%
58.4%
58.5%
58.6%
58.7%
58.9%
59.0%
59.1%
59.2%
59.3%
59.5%
59.6%
59.7%
59.8%
59.9%
60.1%
60.2%
60.3%
60.4%
60.5%
60.6%
60.7%
60.9%
61.0%
61.1%
61.2%
61.3%
61.4%
61.5%
61.6%
61.8%
61.9%
62.0%
62.1%
62.2%
62.3%
62.4%
62.6%
62.7%
62.8%
62.9%
63.0%
63.1%
63.2%
63.3%
63.5%
63.6%
63.7%
63.8%
63.9%
64.0%
64.1%
64.2%
64.3%
64.4%
64.6%
64.7%
64.8%
64.9%
65.0%
65.1%
65.2%
65.3%
65.5%
65.6%
65.7%
65.8%
65.9%
66.0%
66.1%
66.2%
66.3%
66.4%
66.5%
66.6%
66.7%
66.9%
67.0%
67.1%
67.2%
67.3%
67.4%
67.5%
67.7%
67.8%
67.9%
68.0%
68.1%
68.2%
68.3%
68.4%
68.5%
68.6%
68.7%
68.8%
69.0%
69.1%
69.2%
69.3%
69.4%
69.5%
69.6%
69.7%
69.9%
70.0%
70.1%
70.2%
70.3%
70.4%
70.6%
70.7%
70.8%
70.9%
71.0%
71.1%
71.2%
71.3%
71.5%
71.6%
71.7%
71.8%
71.9%
72.1%
72.2%
72.3%
72.4%
72.5%
72.7%
72.8%
72.9%
73.0%
73.1%
73.2%
73.3%
73.4%
73.6%
73.7%
73.8%
73.9%
74.0%
74.1%
74.2%
74.3%
74.4%
74.6%
74.7%
74.8%
74.9%
75.0%
75.2%
75.3%
75.4%
75.5%
75.6%
75.7%
75.9%
76.0%
76.1%
76.2%
76.3%
76.4%
76.5%
76.7%
76.8%
76.9%
77.0%
77.1%
77.3%
77.4%
77.5%
77.6%
77.8%
77.9%
78.0%
78.1%
78.2%
78.3%
78.4%
78.5%
78.6%
78.8%
78.9%
79.0%
79.1%
79.2%
79.3%
79.4%
79.5%
79.7%
79.8%
79.9%
80.1%
80.2%
80.3%
80.4%
80.5%
80.7%
80.8%
80.9%
81.0%
81.1%
81.3%
81.4%
81.5%
81.6%
81.7%
81.9%
82.0%
82.1%
82.2%
82.3%
82.5%
82.6%
82.7%
82.8%
82.9%
83.1%
83.2%
83.3%
83.4%
83.5%
83.6%
83.7%
83.8%
83.9%
84.0%
84.2%
84.3%
84.4%
84.5%
84.6%
84.7%
84.8%
85.0%
85.1%
85.2%
85.3%
85.4%
85.5%
85.6%
85.8%
85.9%
86.0%
86.1%
86.2%
86.3%
86.4%
86.6%
86.7%
86.8%
86.9%
87.0%
87.1%
87.3%
87.4%
87.5%
87.6%
87.7%
87.8%
87.9%
88.1%
88.2%
88.3%
88.4%
88.5%
88.6%
88.8%
88.9%
89.0%
89.1%
89.3%
89.4%
89.5%
89.7%
89.8%
89.9%
90.0%
90.1%
90.2%
90.4%
90.5%
90.6%
90.7%
90.8%
90.9%
91.0%
91.2%
91.3%
91.4%
91.5%
91.6%
91.7%
91.8%
92.0%
92.1%
92.2%
92.3%
92.4%
92.6%
92.7%
92.8%
92.9%
93.0%
93.2%
93.3%
93.4%
93.5%
93.6%
93.7%
93.9%
94.0%
94.1%
94.2%
94.3%
94.5%
94.6%
94.7%
94.8%
94.9%
95.0%
95.2%
95.3%
95.4%
95.5%
95.6%
95.7%
95.8%
96.0%
96.1%
96.2%
96.3%
96.4%
96.5%
96.7%
96.8%
96.9%
97.0%
97.1%
97.3%
97.4%
97.5%
97.6%
97.7%
97.8%
97.9%
98.0%
98.2%
98.3%
98.4%
98.5%
98.7%
98.8%
98.9%
99.0%
99.1%
99.2%
99.4%
99.5%
99.6%
99.8%---------- new table with      617 representatives

# comparing sequences from      32206  to      34866
.........
53.6%
53.7%
53.8%
54.0%
54.1%
54.2%
54.3%
54.5%
54.6%
54.7%
54.8%
54.9%
55.0%
55.2%
55.3%
55.4%
55.5%
55.6%
55.7%
55.8%
56.0%
56.1%
56.2%
56.3%
56.4%
56.5%
56.7%
56.8%
56.9%
57.0%
57.1%
57.2%
57.3%
57.4%
57.5%
57.7%
57.8%
57.9%
58.0%
58.1%
58.2%
58.4%
58.5%
58.6%
58.8%
58.9%
59.0%
59.1%
59.2%
59.3%
59.4%
59.5%
59.6%
59.8%
59.9%
60.0%
60.1%
60.2%
60.3%
60.5%
60.6%
60.7%
60.8%
60.9%
61.1%
61.2%
61.3%
61.4%
61.5%
61.6%
61.8%
61.9%
62.0%
62.1%
62.2%
62.3%
62.5%
62.6%
62.7%
62.8%
62.9%
63.0%
63.1%
63.2%
63.3%
63.5%
63.6%
63.7%
63.8%
63.9%
64.0%
64.2%
64.3%
64.4%
64.5%
64.6%
64.7%
64.9%
65.0%
65.1%
65.2%
65.3%
65.4%
65.5%
65.7%
65.8%
65.9%
66.0%
66.1%
66.2%
66.3%
66.5%
66.6%
66.7%
66.8%
66.9%
67.0%
67.2%
67.3%
67.4%
67.5%
67.6%
67.8%
67.9%
68.0%
68.1%
68.2%
68.3%
68.4%
68.5%
68.6%
68.8%
68.9%
69.0%
69.1%
69.2%
69.4%
69.5%
69.6%
69.7%
69.8%
69.9%
70.1%
70.2%
70.3%
70.4%
70.5%
70.6%
70.7%
70.9%
71.0%
71.1%
71.2%
71.3%
71.5%
71.6%
71.7%
71.8%
71.9%
72.0%
72.2%
72.3%
72.4%
72.5%
72.6%
72.7%
72.8%
72.9%
73.1%
73.2%
73.3%
73.4%
73.5%
73.6%
73.8%
73.9%
74.0%
74.1%
74.2%
74.3%
74.5%
74.6%
74.7%
74.8%
74.9%
75.1%
75.2%
75.3%
75.4%
75.5%
75.6%
75.7%
75.8%
75.9%
76.1%
76.2%
76.3%
76.4%
76.5%
76.6%
76.7%
76.8%
76.9%
77.0%
77.1%
77.3%
77.4%
77.5%
77.6%
77.7%
77.9%
78.0%
78.1%
78.2%
78.3%
78.4%
78.5%
78.7%
78.8%
78.9%
79.0%
79.1%
79.2%
79.4%
79.5%
79.6%
79.7%
79.9%
80.0%
80.1%
80.2%
80.3%
80.4%
80.5%
80.7%
80.8%
80.9%
81.0%
81.2%
81.3%
81.4%
81.5%
81.6%
81.7%
81.9%
82.0%
82.1%
82.2%
82.3%
82.5%
82.6%
82.7%
82.8%
82.9%
83.0%
83.1%
83.3%
83.4%
83.5%
83.6%
83.7%
83.8%
84.0%
84.1%
84.2%
84.3%
84.4%
84.5%
84.7%
84.8%
84.9%
85.0%
85.2%
85.3%
85.4%
85.5%
85.6%
85.8%
85.9%
86.0%
86.1%
86.2%
86.3%
86.4%
86.5%
86.6%
86.8%
86.9%
87.0%
87.1%
87.2%
87.3%
87.4%
87.5%
87.7%
87.8%
87.9%
88.0%
88.1%
88.3%
88.4%
88.5%
88.7%
88.8%
89.0%
89.1%
89.2%
89.3%
89.4%
89.6%
89.7%
89.8%
89.9%
90.1%
90.2%
90.3%
90.4%
90.6%
90.7%
90.8%
90.9%
91.0%
91.2%
91.3%
91.4%
91.5%
91.6%
91.7%
91.8%
91.9%
92.1%
92.2%
92.3%
92.4%
92.5%
92.6%
92.7%
92.8%
93.0%
93.1%
93.2%
93.3%
93.4%
93.5%
93.6%
93.7%
93.8%
94.0%
94.1%
94.2%
94.4%
94.5%
94.6%
94.7%
94.8%
94.9%
95.0%
95.1%
95.2%
95.3%
95.5%
95.6%
95.8%
95.9%
96.0%
96.1%
96.3%
96.4%
96.5%
96.6%
96.8%
96.9%
97.0%
97.1%
97.2%
97.4%
97.5%
97.6%
97.7%
97.8%
97.9%
98.0%
98.1%
98.3%
98.4%
98.6%
98.7%
98.8%
99.0%
99.1%
99.2%
99.3%
99.5%
99.6%
99.8%---------- new table with      643 representatives

# comparing sequences from      34866  to      37378
..........
56.3%
56.5%
56.6%
56.7%
56.8%
56.9%
57.1%
57.2%
57.3%
57.4%
57.5%
57.7%
57.8%
57.9%
58.0%
58.2%
58.3%
58.4%
58.6%
58.7%
58.8%
58.9%
59.1%
59.2%
59.3%
59.4%
59.6%
59.7%
59.8%
59.9%
60.0%
60.1%
60.2%
60.4%
60.5%
60.6%
60.7%
60.8%
61.0%
61.1%
61.2%
61.3%
61.4%
61.6%
61.7%
61.8%
61.9%
62.1%
62.2%
62.3%
62.4%
62.5%
62.6%
62.8%
62.9%
63.0%
63.1%
63.2%
63.3%
63.4%
63.5%
63.6%
63.8%
63.9%
64.0%
64.1%
64.2%
64.3%
64.4%
64.5%
64.7%
64.8%
65.0%
65.1%
65.2%
65.3%
65.5%
65.6%
65.7%
65.8%
65.9%
66.1%
66.2%
66.3%
66.4%
66.6%
66.7%
66.8%
66.9%
67.1%
67.2%
67.3%
67.4%
67.5%
67.6%
67.8%
67.9%
68.0%
68.1%
68.2%
68.4%
68.5%
68.6%
68.7%
68.8%
68.9%
69.0%
69.2%
69.3%
69.4%
69.6%
69.7%
69.8%
69.9%
70.1%
70.2%
70.3%
70.4%
70.5%
70.6%
70.7%
70.8%
71.0%
71.1%
71.2%
71.3%
71.4%
71.5%
71.6%
71.8%
71.9%
72.0%
72.1%
72.2%
72.4%
72.5%
72.6%
72.7%
72.9%
73.0%
73.1%
73.2%
73.3%
73.4%
73.5%
73.6%
73.7%
73.9%
74.0%
74.1%
74.2%
74.3%
74.4%
74.6%
74.7%
74.8%
74.9%
75.1%
75.2%
75.3%
75.4%
75.5%
75.6%
75.7%
75.9%
76.0%
76.1%
76.2%
76.3%
76.5%
76.6%
76.7%
76.8%
76.9%
77.0%
77.1%
77.2%
77.3%
77.4%
77.6%
77.7%
77.8%
78.0%
78.1%
78.2%
78.3%
78.4%
78.5%
78.6%
78.7%
78.9%
79.0%
79.1%
79.2%
79.3%
79.4%
79.5%
79.6%
79.7%
79.8%
80.0%
80.1%
80.2%
80.3%
80.5%
80.6%
80.7%
80.8%
80.9%
81.0%
81.1%
81.3%
81.4%
81.5%
81.6%
81.7%
81.9%
82.0%
82.1%
82.2%
82.3%
82.5%
82.6%
82.7%
82.8%
82.9%
83.0%
83.2%
83.3%
83.4%
83.5%
83.6%
83.7%
83.8%
83.9%
84.0%
84.2%
84.3%
84.4%
84.6%
84.7%
84.8%
85.0%
85.1%
85.2%
85.3%
85.5%
85.6%
85.7%
85.8%
85.9%
86.1%
86.2%
86.3%
86.4%
86.5%
86.7%
86.8%
86.9%
87.1%
87.2%
87.3%
87.4%
87.5%
87.6%
87.7%
87.9%
88.0%
88.1%
88.2%
88.4%
88.5%
88.6%
88.7%
88.8%
88.9%
89.0%
89.2%
89.3%
89.4%
89.5%
89.6%
89.7%
89.8%
90.0%
90.1%
90.2%
90.3%
90.4%
90.6%
90.7%
90.8%
90.9%
91.0%
91.1%
91.3%
91.4%
91.5%
91.6%
91.7%
91.9%
92.0%
92.1%
92.2%
92.3%
92.5%
92.6%
92.7%
92.8%
92.9%
93.0%
93.2%
93.3%
93.4%
93.5%
93.7%
93.8%
93.9%
94.0%
94.2%
94.3%
94.4%
94.5%
94.6%
94.7%
94.9%
95.0%
95.1%
95.2%
95.3%
95.5%
95.6%
95.8%
95.9%
96.0%
96.1%
96.2%
96.4%
96.5%
96.6%
96.7%
96.9%
97.0%
97.1%
97.2%
97.3%
97.5%
97.6%
97.7%
97.8%
98.0%
98.1%
98.2%
98.3%
98.4%
98.5%
98.6%
98.8%
98.9%
99.0%
99.1%
99.2%
99.3%
99.5%
99.6%
99.7%
99.9%---------- new table with      598 representatives

# comparing sequences from      37378  to      39751
......
58.8%
58.9%
59.1%
59.2%
59.3%
59.4%
59.5%
59.6%
59.8%
59.9%
60.0%
60.1%
60.2%
60.3%
60.4%
60.6%
60.7%
60.8%
60.9%
61.0%
61.1%
61.3%
61.4%
61.5%
61.6%
61.7%
61.9%
62.0%
62.1%
62.2%
62.3%
62.4%
62.5%
62.7%
62.8%
62.9%
63.0%
63.1%
63.2%
63.4%
63.5%
63.6%
63.7%
63.8%
64.0%
64.1%
64.2%
64.3%
64.4%
64.5%
64.7%
64.9%
65.0%
65.1%
65.2%
65.3%
65.5%
65.6%
65.7%
65.8%
65.9%
66.1%
66.2%
66.3%
66.4%
66.5%
66.6%
66.7%
66.8%
67.0%
67.1%
67.2%
67.3%
67.4%
67.5%
67.7%
67.8%
67.9%
68.0%
68.2%
68.3%
68.4%
68.5%
68.7%
68.8%
68.9%
69.0%
69.1%
69.3%
69.4%
69.5%
69.6%
69.8%
69.9%
70.0%
70.1%
70.2%
70.3%
70.4%
70.5%
70.6%
70.7%
70.9%
71.0%
71.1%
71.2%
71.4%
71.5%
71.6%
71.8%
71.9%
72.0%
72.1%
72.2%
72.3%
72.4%
72.6%
72.7%
72.8%
72.9%
73.0%
73.2%
73.3%
73.4%
73.5%
73.6%
73.7%
73.9%
74.1%
74.2%
74.3%
74.4%
74.5%
74.7%
74.8%
74.9%
75.0%
75.1%
75.3%
75.4%
75.5%
75.6%
75.7%
75.9%
76.0%
76.1%
76.3%
76.4%
76.5%
76.7%
76.8%
76.9%
77.0%
77.1%
77.2%
77.4%
77.5%
77.6%
77.7%
77.8%
77.9%
78.0%
78.1%
78.3%
78.4%
78.5%
78.6%
78.8%
78.9%
79.0%
79.1%
79.3%
79.4%
79.5%
79.6%
79.7%
79.8%
79.9%
80.1%
80.2%
80.3%
80.5%
80.6%
80.7%
80.8%
80.9%
81.1%
81.2%
81.4%
81.5%
81.6%
81.7%
81.9%
82.0%
82.1%
82.2%
82.4%
82.5%
82.6%
82.7%
82.8%
83.0%
83.1%
83.2%
83.3%
83.5%
83.6%
83.7%
83.8%
83.9%
84.0%
84.1%
84.3%
84.4%
84.5%
84.6%
84.7%
84.8%
84.9%
85.0%
85.1%
85.3%
85.4%
85.5%
85.7%
85.8%
85.9%
86.0%
86.1%
86.3%
86.4%
86.5%
86.6%
86.8%
86.9%
87.0%
87.1%
87.2%
87.3%
87.4%
87.6%
87.7%
87.9%
88.0%
88.1%
88.2%
88.3%
88.4%
88.6%
88.7%
88.8%
88.9%
89.1%
89.2%
89.3%
89.4%
89.5%
89.6%
89.7%
89.9%
90.0%
90.1%
90.2%
90.3%
90.4%
90.6%
90.7%
90.8%
90.9%
91.0%
91.1%
91.3%
91.4%
91.5%
91.6%
91.8%
91.9%
92.0%
92.1%
92.2%
92.3%
92.5%
92.6%
92.7%
92.9%
93.0%
93.1%
93.2%
93.3%
93.4%
93.5%
93.7%
93.8%
93.9%
94.1%
94.2%
94.3%
94.5%
94.6%
94.7%
94.9%
95.0%
95.2%
95.3%
95.4%
95.5%
95.7%
95.8%
96.0%
96.1%
96.2%
96.3%
96.5%
96.6%
96.8%
96.9%
97.0%
97.1%
97.2%
97.4%
97.5%
97.6%
97.7%
97.8%
98.0%
98.1%
98.2%
98.4%
98.5%
98.6%
98.8%
99.0%
99.1%
99.2%
99.3%
99.4%
99.5%
99.7%
99.8%---------- new table with      568 representatives

# comparing sequences from      39751  to      41992
............
..........    40000  finished      10125  clusters

60.9%
61.0%
61.1%
61.2%
61.4%
61.5%
61.6%
61.8%
61.9%
62.0%
62.1%
62.2%
62.3%
62.5%
62.6%
62.8%
62.9%
63.0%
63.1%
63.2%
63.3%
63.4%
63.6%
63.7%
63.8%
63.9%
64.0%
64.1%
64.2%
64.3%
64.4%
64.6%
64.7%
64.8%
65.0%
65.1%
65.2%
65.3%
65.4%
65.6%
65.7%
65.9%
66.0%
66.1%
66.2%
66.4%
66.5%
66.6%
66.7%
66.8%
66.9%
67.0%
67.2%
67.3%
67.4%
67.5%
67.7%
67.8%
67.9%
68.0%
68.1%
68.2%
68.3%
68.5%
68.6%
68.7%
68.8%
68.9%
69.0%
69.1%
69.2%
69.4%
69.5%
69.6%
69.7%
69.8%
70.0%
70.1%
70.2%
70.3%
70.4%
70.6%
70.7%
70.8%
71.0%
71.1%
71.2%
71.3%
71.4%
71.6%
71.7%
71.8%
71.9%
72.0%
72.2%
72.3%
72.4%
72.5%
72.7%
72.8%
72.9%
73.0%
73.1%
73.2%
73.3%
73.4%
73.6%
73.7%
73.8%
73.9%
74.0%
74.1%
74.2%
74.3%
74.4%
74.6%
74.7%
74.8%
74.9%
75.0%
75.1%
75.2%
75.4%
75.5%
75.6%
75.7%
75.9%
76.0%
76.1%
76.2%
76.3%
76.4%
76.5%
76.6%
76.8%
76.9%
77.0%
77.1%
77.2%
77.4%
77.5%
77.6%
77.7%
77.8%
77.9%
78.1%
78.2%
78.3%
78.5%
78.6%
78.7%
78.9%
79.0%
79.2%
79.3%
79.4%
79.5%
79.6%
79.8%
79.9%
80.0%
80.1%
80.3%
80.4%
80.5%
80.6%
80.7%
80.8%
80.9%
81.1%
81.2%
81.3%
81.5%
81.6%
81.7%
81.8%
82.0%
82.1%
82.2%
82.3%
82.4%
82.6%
82.7%
82.9%
83.0%
83.1%
83.3%
83.4%
83.5%
83.6%
83.7%
83.8%
83.9%
84.1%
84.2%
84.4%
84.5%
84.6%
84.8%
84.9%
85.0%
85.2%
85.3%
85.4%
85.5%
85.6%
85.7%
85.8%
85.9%
86.1%
86.2%
86.3%
86.5%
86.6%
86.7%
86.9%
87.0%
87.1%
87.2%
87.4%
87.5%
87.6%
87.7%
87.8%
87.9%
88.1%
88.2%
88.3%
88.4%
88.5%
88.7%
88.8%
88.9%
89.0%
89.1%
89.3%
89.4%
89.6%
89.7%
89.8%
89.9%
90.0%
90.2%
90.3%
90.4%
90.5%
90.6%
90.8%
90.9%
91.0%
91.1%
91.2%
91.4%
91.5%
91.6%
91.7%
91.9%
92.0%
92.2%
92.3%
92.4%
92.6%
92.7%
92.8%
93.0%
93.1%
93.2%
93.3%
93.4%
93.5%
93.7%
93.8%
93.9%
94.0%
94.1%
94.3%
94.4%
94.5%
94.6%
94.7%
94.9%
95.0%
95.1%
95.2%
95.4%
95.5%
95.6%
95.7%
95.8%
95.9%
96.1%
96.2%
96.3%
96.4%
96.6%
96.7%
96.8%
96.9%
97.0%
97.1%
97.3%
97.4%
97.5%
97.6%
97.7%
97.9%
98.0%
98.1%
98.3%
98.4%
98.5%
98.7%
98.8%
98.9%
99.1%
99.2%
99.3%
99.4%
99.5%
99.6%
99.8%---------- new table with      548 representatives

# comparing sequences from      41992  to      44108
...................
67.4%
67.5%
67.6%
67.8%
67.9%
68.0%
68.2%
68.3%
68.4%
68.5%
68.6%
68.7%
68.9%
69.1%
69.2%
69.3%
69.5%
69.6%
69.7%
69.8%
70.0%
70.1%
70.2%
70.3%
70.5%
70.6%
70.7%
70.8%
70.9%
71.0%
71.2%
71.3%
71.4%
71.5%
71.6%
71.8%
71.9%
72.0%
72.1%
72.2%
72.4%
72.5%
72.6%
72.7%
72.9%
73.0%
73.2%
73.3%
73.4%
73.5%
73.7%
73.8%
73.9%
74.1%
74.2%
74.4%
74.5%
74.6%
74.8%
75.0%
75.1%
75.2%
75.4%
75.5%
75.7%
75.8%
75.9%
76.0%
76.2%
76.3%
76.4%
76.5%
76.6%
76.7%
76.8%
77.0%
77.1%
77.2%
77.4%
77.5%
77.7%
77.8%
78.0%
78.1%
78.3%
78.4%
78.5%
78.6%
78.7%
78.9%
79.0%
79.1%
79.2%
79.3%
79.4%
79.6%
79.8%
79.9%
80.0%
80.1%
80.2%
80.3%
80.5%
80.6%
80.8%
80.9%
81.1%
81.2%
81.3%
81.5%
81.6%
81.7%
81.8%
82.0%
82.1%
82.2%
82.3%
82.4%
82.5%
82.7%
82.8%
82.9%
83.0%
83.1%
83.2%
83.4%
83.5%
83.6%
83.7%
83.8%
83.9%
84.0%
84.1%
84.3%
84.4%
84.5%
84.6%
84.7%
84.9%
85.0%
85.2%
85.3%
85.4%
85.5%
85.6%
85.8%
85.9%
86.1%
86.2%
86.3%
86.4%
86.5%
86.6%
86.7%
86.9%
87.0%
87.1%
87.2%
87.4%
87.5%
87.6%
87.7%
87.8%
88.0%
88.1%
88.2%
88.3%
88.5%
88.6%
88.7%
88.8%
88.9%
89.1%
89.2%
89.4%
89.5%
89.6%
89.8%
89.9%
90.0%
90.1%
90.3%
90.4%
90.5%
90.7%
90.8%
90.9%
91.0%
91.2%
91.3%
91.5%
91.6%
91.7%
91.8%
91.9%
92.1%
92.2%
92.3%
92.4%
92.6%
92.7%
92.8%
92.9%
93.0%
93.2%
93.3%
93.4%
93.5%
93.6%
93.8%
93.9%
94.0%
94.2%
94.3%
94.4%
94.6%
94.7%
94.8%
95.0%
95.1%
95.2%
95.3%
95.4%
95.5%
95.7%
95.8%
95.9%
96.1%
96.2%
96.3%
96.4%
96.6%
96.7%
96.8%
96.9%
97.0%
97.2%
97.3%
97.4%
97.5%
97.6%
97.7%
97.8%
97.9%
98.1%
98.2%
98.3%
98.4%
98.6%
98.7%
98.8%
99.0%
99.1%
99.2%
99.3%
99.5%
99.6%
99.8%---------- new table with      453 representatives

# comparing sequences from      44108  to      46107
.........
65.7%
65.9%
66.0%
66.1%
66.2%
66.3%
66.4%
66.6%
66.7%
66.8%
67.0%
67.1%
67.2%
67.3%
67.4%
67.6%
67.8%
67.9%
68.0%
68.1%
68.3%
68.4%
68.5%
68.6%
68.8%
68.9%
69.0%
69.1%
69.3%
69.4%
69.5%
69.7%
69.8%
69.9%
70.0%
70.1%
70.2%
70.4%
70.5%
70.7%
70.9%
71.0%
71.1%
71.2%
71.3%
71.5%
71.6%
71.7%
71.8%
72.0%
72.1%
72.2%
72.3%
72.4%
72.5%
72.6%
72.7%
72.9%
73.0%
73.1%
73.2%
73.3%
73.5%
73.6%
73.7%
73.9%
74.1%
74.2%
74.3%
74.4%
74.5%
74.7%
74.8%
74.9%
75.0%
75.1%
75.3%
75.4%
75.5%
75.7%
75.8%
75.9%
76.0%
76.1%
76.2%
76.4%
76.5%
76.6%
76.7%
76.8%
76.9%
77.1%
77.2%
77.3%
77.4%
77.6%
77.7%
77.8%
78.0%
78.1%
78.2%
78.3%
78.5%
78.6%
78.7%
78.8%
78.9%
79.0%
79.1%
79.2%
79.4%
79.5%
79.6%
79.8%
79.9%
80.0%
80.1%
80.2%
80.3%
80.4%
80.6%
80.7%
80.8%
80.9%
81.0%
81.1%
81.2%
81.4%
81.5%
81.6%
81.8%
81.9%
82.0%
82.1%
82.3%
82.4%
82.5%
82.7%
82.8%
82.9%
83.1%
83.2%
83.3%
83.4%
83.5%
83.7%
83.9%
84.0%
84.1%
84.2%
84.3%
84.5%
84.6%
84.7%
84.8%
84.9%
85.0%
85.2%
85.3%
85.4%
85.6%
85.7%
85.8%
85.9%
86.1%
86.2%
86.3%
86.5%
86.6%
86.7%
86.9%
87.0%
87.1%
87.3%
87.4%
87.5%
87.6%
87.8%
87.9%
88.0%
88.1%
88.2%
88.4%
88.5%
88.7%
88.8%
88.9%
89.1%
89.2%
89.3%
89.4%
89.5%
89.7%
89.8%
89.9%
90.1%
90.2%
90.3%
90.4%
90.6%
90.7%
90.8%
90.9%
91.0%
91.1%
91.3%
91.4%
91.5%
91.6%
91.8%
91.9%
92.1%
92.2%
92.4%
92.5%
92.6%
92.7%
92.9%
93.0%
93.1%
93.2%
93.3%
93.5%
93.6%
93.7%
93.9%
94.0%
94.1%
94.3%
94.4%
94.6%
94.7%
94.8%
94.9%
95.0%
95.1%
95.2%
95.3%
95.5%
95.6%
95.8%
95.9%
96.1%
96.2%
96.3%
96.4%
96.6%
96.7%
96.8%
96.9%
97.0%
97.2%
97.4%
97.5%
97.6%
97.7%
97.8%
98.0%
98.1%
98.2%
98.3%
98.4%
98.6%
98.7%
98.8%
99.0%
99.1%
99.2%
99.4%
99.5%
99.6%
99.7%---------- new table with      455 representatives

# comparing sequences from      46107  to      47995
...........
67.6%
67.7%
67.8%
67.9%
68.1%
68.3%
68.4%
68.5%
68.7%
68.8%
68.9%
69.1%
69.2%
69.4%
69.5%
69.6%
69.7%
69.9%
70.0%
70.1%
70.2%
70.4%
70.5%
70.7%
70.9%
71.0%
71.1%
71.3%
71.5%
71.6%
71.8%
72.0%
72.1%
72.2%
72.4%
72.5%
72.7%
72.8%
72.9%
73.1%
73.2%
73.3%
73.5%
73.7%
73.8%
73.9%
74.1%
74.2%
74.3%
74.4%
74.6%
74.7%
74.8%
75.0%
75.1%
75.2%
75.3%
75.5%
75.6%
75.9%
76.0%
76.2%
76.3%
76.4%
76.5%
76.7%
76.8%
76.9%
77.0%
77.1%
77.2%
77.3%
77.5%
77.6%
77.7%
77.8%
78.0%
78.1%
78.2%
78.4%
78.5%
78.6%
78.7%
78.8%
79.0%
79.1%
79.2%
79.3%
79.6%
79.7%
79.8%
79.9%
80.1%
80.2%
80.3%
80.4%
80.5%
80.7%
80.8%
80.9%
81.0%
81.1%
81.3%
81.4%
81.5%
81.6%
81.8%
81.9%
82.0%
82.1%
82.2%
82.4%
82.5%
82.6%
82.8%
82.9%
83.0%
83.2%
83.3%
83.4%
83.6%
83.7%
83.9%
84.0%
84.1%
84.3%
84.4%
84.5%
84.6%
84.7%
84.9%
85.0%
85.2%
85.3%
85.4%
85.5%
85.6%
85.7%
85.8%
85.9%
86.1%
86.2%
86.4%
86.5%
86.6%
86.8%
86.9%
87.0%
87.1%
87.3%
87.4%
87.5%
87.6%
87.7%
87.9%
88.0%
88.1%
88.2%
88.3%
88.5%
88.6%
88.7%
88.8%
88.9%
89.1%
89.2%
89.3%
89.4%
89.6%
89.7%
89.8%
90.0%
90.2%
90.3%
90.4%
90.6%
90.7%
90.8%
91.0%
91.2%
91.3%
91.4%
91.6%
91.7%
91.8%
91.9%
92.0%
92.1%
92.2%
92.4%
92.5%
92.6%
92.7%
92.8%
92.9%
93.0%
93.2%
93.3%
93.4%
93.5%
93.6%
93.8%
93.9%
94.1%
94.3%
94.4%
94.5%
94.6%
94.7%
94.9%
95.0%
95.2%
95.3%
95.4%
95.6%
95.7%
95.8%
96.0%
96.1%
96.2%
96.4%
96.5%
96.6%
96.8%
96.9%
97.0%
97.2%
97.3%
97.4%
97.6%
97.7%
97.9%
98.0%
98.1%
98.3%
98.4%
98.6%
98.7%
98.8%
99.0%
99.1%
99.3%
99.4%
99.6%
99.7%
99.8%---------- new table with      422 representatives

# comparing sequences from      47995  to      49778
.........
69.9%
70.0%
70.1%
70.3%
70.6%
70.7%
70.8%
71.0%
71.2%
71.3%
71.5%
71.6%
71.7%
71.8%
72.0%
72.1%
72.2%
72.4%
72.5%
72.7%
72.8%
72.9%
73.0%
73.1%
73.2%
73.4%
73.6%
73.8%
74.0%
74.1%
74.2%
74.3%
74.4%
74.7%
74.8%
75.0%
75.1%
75.2%
75.3%
75.4%
75.6%
75.7%
75.9%
76.0%
76.1%
76.2%
76.3%
76.5%
76.7%
76.9%
77.0%
77.2%
77.3%
77.4%
77.5%
77.6%
77.8%
77.9%
78.1%
78.2%
78.4%
78.5%
78.6%
78.7%
78.8%
79.0%
79.1%
79.2%
79.3%
79.5%
79.7%
79.8%
79.9%
80.0%
80.2%
80.3%
80.5%
80.6%
80.7%
80.9%
81.0%
81.1%
81.2%
81.3%
81.5%
81.6%
81.7%
81.8%
82.0%
82.1%
82.3%
82.4%
82.6%
82.7%
82.8%
82.9%
83.1%
83.2%
83.4%
83.5%
83.6%
83.8%
83.9%
84.0%
84.1%
84.2%
84.3%
84.5%
84.6%
84.8%
84.9%
85.0%
85.2%
85.3%
85.4%
85.5%
85.6%
85.7%
85.9%
86.0%
86.1%
86.2%
86.3%
86.4%
86.5%
86.7%
86.8%
86.9%
87.1%
87.2%
87.3%
87.4%
87.5%
87.7%
87.8%
87.9%
88.0%
88.2%
88.3%
88.4%
88.6%
88.7%
88.8%
89.0%
89.1%
89.2%
89.3%
89.5%
89.6%
89.7%
89.9%
90.1%
90.2%
90.3%
90.4%
90.5%
90.6%
90.8%
90.9%
91.0%
91.1%
91.2%
91.3%
91.5%
91.6%
91.7%
91.8%
92.0%
92.1%
92.2%
92.3%
92.5%
92.6%
92.7%
92.8%
93.0%
93.1%
93.2%
93.4%
93.5%
93.7%
93.8%
93.9%
94.1%
94.2%
94.3%
94.4%
94.5%
94.6%
94.8%
94.9%
95.1%
95.2%
95.3%
95.5%
95.6%
95.7%
95.9%
96.0%
96.1%
96.3%
96.4%
96.6%
96.7%
96.8%
96.9%
97.1%
97.2%
97.3%
97.4%
97.5%
97.6%
97.7%
97.9%
98.0%
98.1%
98.2%
98.3%
98.4%
98.6%
98.7%
98.8%
99.0%
99.1%
99.2%
99.3%
99.4%
99.6%
99.7%
99.8%---------- new table with      420 representatives

# comparing sequences from      49778  to      51462
...........
71.3%
71.5%
71.7%
71.9%
72.0%
72.1%
72.2%
72.3%
72.5%
72.7%
72.9%
73.0%
73.1%
73.3%
73.4%
73.5%
73.6%
73.7%
73.8%
74.0%
74.1%
74.3%
74.4%
74.5%
74.7%
74.8%
75.0%
75.2%
75.3%
75.5%
75.6%
75.7%
75.9%
76.0%
76.2%
76.3%
76.5%
76.6%
76.8%
76.9%
77.0%
77.2%
77.3%
77.5%
77.6%
77.7%
77.9%
78.0%
78.1%
78.2%
78.4%
78.5%
78.6%
78.8%
78.9%
79.0%
79.2%
79.3%
79.4%
79.6%
79.7%
79.8%
80.0%
80.1%
80.2%
80.3%
80.4%
80.6%
80.7%
80.9%
81.0%
81.1%
81.2%
81.4%
81.5%
81.6%
81.7%
81.9%
82.0%
82.1%
82.3%
82.4%
82.5%
82.7%
82.8%
82.9%
83.1%
83.2%
83.3%
83.5%
83.6%
83.7%
83.9%
84.0%
84.1%
84.2%
84.4%
84.5%
84.6%
84.7%
84.9%
85.0%
85.2%
85.3%
85.4%
85.5%
85.7%
85.8%
85.9%
86.0%
86.1%
86.3%
86.4%
86.5%
86.7%
86.8%
86.9%
87.1%
87.2%
87.3%
87.4%
87.5%
87.7%
87.8%
88.0%
88.1%
88.2%
88.4%
88.5%
88.7%
88.8%
88.9%
89.0%
89.2%
89.3%
89.4%
89.5%
89.8%
89.9%
90.0%
90.1%
90.3%
90.4%
90.6%
90.7%
90.8%
90.9%
91.0%
91.1%
91.3%
91.4%
91.5%
91.7%
91.8%
91.9%
92.0%
92.2%
92.3%
92.4%
92.5%
92.6%
92.7%
92.8%
93.0%
93.1%
93.3%
93.5%
93.6%
93.7%
93.8%
94.0%
94.2%
94.3%
94.4%
94.5%
94.7%
94.8%
94.9%
95.0%
95.2%
95.3%
95.4%
95.6%
95.7%
95.8%
96.0%
96.1%
96.2%
96.3%
96.4%
96.6%
96.7%
96.9%
97.0%
97.1%
97.3%
97.4%
97.5%
97.7%
97.9%
98.0%
98.1%
98.3%
98.4%
98.5%
98.6%
98.7%
98.8%
99.0%
99.1%
99.2%
99.3%
99.5%
99.6%
99.7%---------- new table with      363 representatives

# comparing sequences from      51462  to      53052
.........
74.1%
74.3%
74.4%
74.5%
74.6%
74.7%
74.9%
75.0%
75.2%
75.3%
75.5%
75.7%
75.9%
76.0%
76.1%
76.2%
76.3%
76.5%
76.7%
76.9%
77.0%
77.1%
77.2%
77.4%
77.5%
77.6%
77.8%
77.9%
78.1%
78.2%
78.4%
78.5%
78.7%
78.8%
78.9%
79.1%
79.2%
79.4%
79.6%
79.7%
79.8%
80.0%
80.1%
80.2%
80.3%
80.4%
80.6%
80.7%
80.8%
80.9%
81.2%
81.4%
81.5%
81.7%
81.8%
81.9%
82.0%
82.1%
82.3%
82.5%
82.6%
82.7%
82.9%
83.0%
83.1%
83.2%
83.3%
83.4%
83.6%
83.8%
84.0%
84.2%
84.3%
84.5%
84.6%
84.7%
84.9%
85.0%
85.1%
85.3%
85.4%
85.6%
85.7%
85.8%
86.0%
86.1%
86.2%
86.3%
86.5%
86.6%
86.7%
86.9%
87.0%
87.1%
87.3%
87.5%
87.6%
87.7%
87.8%
88.0%
88.1%
88.2%
88.3%
88.4%
88.6%
88.7%
88.8%
88.9%
89.1%
89.2%
89.4%
89.5%
89.6%
89.7%
89.9%
90.0%
90.1%
90.3%
90.4%
90.6%
90.8%
90.9%
91.0%
91.1%
91.2%
91.4%
91.5%
91.6%
91.8%
91.9%
92.1%
92.2%
92.4%
92.5%
92.6%
92.7%
92.9%
93.0%
93.1%
93.2%
93.4%
93.5%
93.6%
93.7%
93.8%
94.0%
94.1%
94.2%
94.3%
94.4%
94.6%
94.7%
94.8%
95.0%
95.2%
95.3%
95.4%
95.5%
95.6%
95.7%
95.9%
96.0%
96.1%
96.2%
96.3%
96.4%
96.5%
96.7%
96.8%
96.9%
97.1%
97.2%
97.3%
97.4%
97.5%
97.7%
97.8%
98.0%
98.1%
98.2%
98.4%
98.5%
98.6%
98.8%
99.0%
99.1%
99.2%
99.3%
99.5%
99.6%
99.8%---------- new table with      367 representatives

# comparing sequences from      53052  to      54554
........
75.9%
76.0%
76.1%
76.2%
76.5%
76.6%
76.8%
76.9%
77.1%
77.2%
77.3%
77.5%
77.6%
77.7%
77.8%
78.0%
78.1%
78.3%
78.4%
78.5%
78.7%
78.9%
79.0%
79.2%
79.3%
79.4%
79.5%
79.7%
79.8%
79.9%
80.1%
80.3%
80.5%
80.6%
80.7%
80.9%
81.1%
81.2%
81.4%
81.5%
81.6%
81.8%
81.9%
82.1%
82.2%
82.4%
82.6%
82.8%
82.9%
83.1%
83.2%
83.4%
83.6%
83.7%
83.8%
83.9%
84.1%
84.2%
84.3%
84.4%
84.6%
84.7%
84.9%
85.1%
85.2%
85.3%
85.4%
85.6%
85.7%
85.8%
85.9%
86.0%
86.2%
86.3%
86.4%
86.6%
86.7%
86.8%
86.9%
87.1%
87.3%
87.4%
87.5%
87.6%
87.7%
87.8%
88.0%
88.2%
88.3%
88.4%
88.6%
88.7%
88.8%
89.0%
89.1%
89.2%
89.4%
89.5%
89.7%
89.9%
90.0%
90.1%
90.2%
90.3%
90.5%
90.6%
90.9%
91.0%
91.1%
91.2%
91.3%
91.5%
91.6%
91.7%
91.9%
92.0%
92.1%
92.2%
92.4%
92.6%
92.7%
92.8%
92.9%
93.0%
93.2%
93.3%
93.4%
93.5%
93.7%
93.8%
94.0%
94.1%
94.3%
94.4%
94.6%
94.8%
94.9%
95.1%
95.2%
95.3%
95.4%
95.5%
95.7%
95.8%
95.9%
96.0%
96.1%
96.3%
96.5%
96.6%
96.8%
96.9%
97.0%
97.2%
97.3%
97.4%
97.5%
97.7%
97.9%
98.0%
98.1%
98.3%
98.4%
98.6%
98.7%
98.9%
99.0%
99.1%
99.3%
99.4%
99.6%
99.8%---------- new table with      295 representatives

# comparing sequences from      54554  to      55972
.........
79.2%
79.3%
79.4%
79.5%
79.6%
79.8%
79.9%
80.0%
80.1%
80.3%
80.4%
80.6%
80.7%
80.8%
80.9%
81.0%
81.1%
81.3%
81.4%
81.5%
81.7%
81.8%
82.0%
82.1%
82.2%
82.4%
82.6%
82.7%
82.8%
82.9%
83.0%
83.2%
83.4%
83.5%
83.7%
83.9%
84.0%
84.2%
84.3%
84.5%
84.6%
84.7%
84.8%
84.9%
85.1%
85.2%
85.3%
85.4%
85.5%
85.7%
85.8%
85.9%
86.1%
86.2%
86.3%
86.4%
86.6%
86.7%
86.8%
86.9%
87.0%
87.2%
87.3%
87.4%
87.6%
87.7%
87.8%
87.9%
88.0%
88.2%
88.3%
88.5%
88.6%
88.7%
88.8%
89.0%
89.1%
89.3%
89.4%
89.7%
89.8%
90.0%
90.1%
90.2%
90.4%
90.5%
90.7%
90.8%
90.9%
91.0%
91.1%
91.3%
91.4%
91.5%
91.7%
91.8%
92.0%
92.1%
92.2%
92.4%
92.5%
92.7%
92.8%
92.9%
93.0%
93.2%
93.3%
93.4%
93.5%
93.7%
93.8%
93.9%
94.0%
94.3%
94.4%
94.6%
94.8%
95.0%
95.1%
95.2%
95.3%
95.5%
95.6%
95.7%
95.8%
96.0%
96.1%
96.3%
96.4%
96.6%
96.7%
96.8%
96.9%
97.1%
97.2%
97.3%
97.4%
97.6%
97.7%
97.8%
98.0%
98.1%
98.2%
98.3%
98.5%
98.7%
98.8%
98.9%
99.1%
99.2%
99.4%
99.6%
99.7%---------- new table with      304 representatives

# comparing sequences from      55972  to      57312
........
77.7%
77.8%
78.0%
78.1%
78.3%
78.4%
78.6%
78.7%
78.8%
78.9%
79.1%
79.2%
79.3%
79.5%
79.6%
79.8%
79.9%
80.2%
80.3%
80.4%
80.6%
80.7%
80.8%
81.0%
81.1%
81.3%
81.5%
81.7%
82.0%
82.1%
82.2%
82.4%
82.6%
82.8%
82.9%
83.0%
83.2%
83.3%
83.5%
83.6%
83.7%
83.8%
84.0%
84.1%
84.2%
84.3%
84.5%
84.6%
84.7%
84.9%
85.1%
85.4%
85.5%
85.7%
85.8%
86.0%
86.1%
86.3%
86.5%
86.6%
86.7%
86.8%
86.9%
87.2%
87.3%
87.4%
87.6%
87.7%
88.0%
88.1%
88.3%
88.4%
88.6%
88.7%
88.8%
88.9%
89.1%
89.2%
89.3%
89.5%
89.6%
89.7%
89.8%
90.0%
90.1%
90.3%
90.4%
90.5%
90.7%
90.8%
90.9%
91.1%
91.2%
91.3%
91.5%
91.6%
91.8%
92.0%
92.1%
92.2%
92.3%
92.4%
92.5%
92.7%
92.9%
93.0%
93.1%
93.2%
93.3%
93.5%
93.6%
93.8%
94.0%
94.1%
94.2%
94.3%
94.4%
94.5%
94.6%
94.8%
94.9%
95.1%
95.2%
95.3%
95.5%
95.6%
95.8%
96.0%
96.1%
96.3%
96.4%
96.5%
96.7%
96.8%
96.9%
97.0%
97.2%
97.3%
97.5%
97.6%
97.7%
97.9%
98.0%
98.2%
98.3%
98.4%
98.6%
98.7%
98.9%
99.0%
99.1%
99.3%
99.4%
99.6%
99.8%
99.9%---------- new table with      231 representatives

# comparing sequences from      57312  to      58577
.....
82.2%
82.4%
82.6%
82.7%
82.8%
83.0%
83.1%
83.3%
83.5%
83.6%
83.8%
83.9%
84.0%
84.1%
84.3%
84.5%
84.7%
84.8%
84.9%
85.0%
85.2%
85.3%
85.5%
85.6%
85.7%
85.8%
86.0%
86.1%
86.2%
86.3%
86.5%
86.7%
86.9%
87.0%
87.1%
87.3%
87.5%
87.7%
87.8%
88.0%
88.1%
88.2%
88.3%
88.5%
88.6%
88.7%
88.9%
89.0%
89.1%
89.2%
89.3%
89.5%
89.7%
89.8%
89.9%
90.1%
90.2%
90.4%
90.5%
90.7%
90.8%
90.9%
91.1%
91.2%
91.3%
91.4%
91.5%
91.7%
91.8%
92.0%
92.1%
92.3%
92.5%
92.6%
92.7%
92.8%
92.9%
93.0%
93.1%
93.3%
93.4%
93.5%
93.8%
93.9%
94.1%
94.3%
94.4%
94.5%
94.6%
94.8%
94.9%
95.0%
95.2%
95.3%
95.5%
95.6%
95.9%
96.0%
96.1%
96.2%
96.3%
96.4%
96.6%
96.7%
96.8%
96.9%
97.1%
97.2%
97.3%
97.5%
97.6%
97.7%
97.8%
98.0%
98.1%
98.3%
98.4%
98.6%
98.7%
98.8%
98.9%
99.1%
99.2%
99.4%
99.6%
99.8%---------- new table with      241 representatives

# comparing sequences from      58577  to      59772
......
80.6%
80.8%
81.0%
81.1%
81.2%
81.3%
81.4%
81.6%
81.7%
81.9%
82.0%
82.2%
82.4%
82.6%
82.8%
82.9%
83.1%
83.2%
83.4%
83.5%
83.7%
83.8%
84.0%
84.1%
84.3%
84.4%
84.6%
84.8%
84.9%
85.0%
85.3%
85.5%
85.6%
85.7%
85.8%
85.9%
86.1%
86.2%
86.4%
86.5%
86.6%
86.7%
86.9%
87.0%
87.1%
87.3%
87.5%
87.6%
87.7%
87.8%
88.0%
88.2%
88.3%
88.4%
88.5%
88.8%
88.9%
89.1%
89.3%
89.4%
89.5%
89.7%
89.8%
89.9%
90.1%
90.4%
90.5%
90.6%
90.7%
90.9%
91.0%
91.1%
91.2%
91.4%
91.5%
91.6%
91.8%
92.0%
92.2%
92.3%
92.4%
92.5%
92.6%
92.7%
92.9%
93.0%
93.2%
93.3%
93.5%
93.7%
93.8%
93.9%
94.0%
94.2%
94.3%
94.5%
94.6%
94.8%
94.9%
95.0%
95.2%
95.3%
95.4%
95.6%
95.7%
95.9%
96.1%
96.3%
96.5%
96.6%
96.7%
96.9%
97.0%
97.1%
97.2%
97.4%
97.6%
97.7%
97.8%
97.9%
98.1%
98.2%
98.3%
98.4%
98.6%
98.7%
98.9%
99.0%
99.1%
99.2%
99.4%
99.6%
99.7%---------- new table with      201 representatives

# comparing sequences from      59772  to      60900
........
84.2%
84.3%
84.5%
84.6%
84.7%
85.0%
85.2%
85.3%
85.4%
85.6%
85.7%
86.0%
86.2%
86.3%
86.5%
86.6%
87.1%
87.3%
87.4%
87.6%
87.7%
88.0%
88.1%
88.3%
88.4%
88.6%
88.7%
88.8%
88.9%
89.1%
89.2%
89.3%
89.4%
89.5%
89.7%
89.8%
90.2%
90.4%
90.7%
90.8%
90.9%
91.0%
91.1%
91.2%
91.4%
91.5%
91.7%
91.8%
91.9%
92.0%
92.2%
92.4%
92.5%
92.8%
92.9%
93.0%
93.2%
93.3%
93.5%
93.6%
93.8%
94.0%
94.1%
94.2%
94.4%
94.6%
94.8%
95.0%
95.1%
95.2%
95.3%
95.5%
95.6%
95.7%
96.0%
96.1%
96.2%
96.3%
96.5%
96.6%
96.7%
96.9%
97.0%
97.2%
97.3%
97.5%
97.6%
97.7%
97.9%
98.0%
98.2%
98.3%
98.5%
98.6%
98.7%
98.9%
99.1%
99.3%
99.4%
99.6%
99.7%---------- new table with      189 representatives

# comparing sequences from      60900  to      61966
...
84.1%
84.5%
84.6%
84.8%
84.9%
85.1%
85.3%
85.5%
85.7%
85.8%
86.0%
86.2%
86.3%
86.5%
86.8%
87.0%
87.2%
87.3%
87.6%
87.8%
88.0%
88.2%
88.3%
88.6%
88.7%
88.8%
88.9%
89.1%
89.2%
89.3%
89.5%
89.7%
89.8%
89.9%
90.1%
90.4%
90.5%
90.7%
90.9%
91.0%
91.1%
91.2%
91.4%
91.5%
91.7%
91.8%
92.0%
92.1%
92.4%
92.6%
92.7%
92.8%
93.0%
93.2%
93.3%
93.4%
93.6%
93.7%
93.9%
94.1%
94.2%
94.3%
94.4%
94.7%
94.8%
95.0%
95.1%
95.2%
95.3%
95.5%
95.7%
95.8%
96.0%
96.2%
96.3%
96.5%
96.6%
96.8%
96.9%
97.1%
97.2%
97.4%
97.6%
97.7%
97.9%
98.0%
98.2%
98.3%
98.4%
98.6%
98.7%
98.8%
99.0%
99.1%
99.2%
99.4%
99.5%
99.6%
99.8%---------- new table with      190 representatives

# comparing sequences from      61966  to      62973
.....
84.6%
84.7%
84.9%
85.1%
85.3%
85.4%
85.6%
85.8%
86.1%
86.3%
86.4%
86.5%
86.6%
86.7%
86.9%
87.0%
87.1%
87.5%
87.6%
87.9%
88.2%
88.4%
88.5%
88.6%
88.9%
89.0%
89.2%
89.3%
89.5%
89.7%
89.8%
90.0%
90.1%
90.2%
90.4%
90.6%
90.7%
90.9%
91.0%
91.3%
91.4%
91.5%
91.7%
91.8%
91.9%
92.1%
92.2%
92.4%
92.6%
92.7%
92.8%
92.9%
93.0%
93.2%
93.4%
93.5%
93.6%
93.8%
93.9%
94.1%
94.3%
94.4%
94.6%
94.7%
94.9%
95.0%
95.2%
95.3%
95.5%
95.6%
95.7%
95.9%
96.0%
96.2%
96.3%
96.4%
96.6%
96.7%
96.9%
97.0%
97.2%
97.4%
97.5%
97.7%
97.8%
97.9%
98.1%
98.2%
98.3%
98.5%
98.6%
98.7%
98.8%
98.9%
99.1%
99.2%
99.4%
99.6%
99.8%---------- new table with      173 representatives

# comparing sequences from      62973  to      63924
....
85.0%
85.1%
85.2%
85.5%
85.7%
85.9%
86.2%
86.4%
86.5%
86.6%
86.7%
86.9%
87.0%
87.1%
87.2%
87.5%
87.6%
87.7%
87.8%
88.0%
88.2%
88.3%
88.5%
88.6%
88.7%
88.9%
89.0%
89.2%
89.3%
89.5%
89.7%
89.9%
90.0%
90.3%
90.5%
90.7%
90.9%
91.0%
91.1%
91.2%
91.4%
91.5%
91.6%
91.8%
91.9%
92.0%
92.1%
92.3%
92.4%
92.5%
92.6%
92.7%
92.9%
93.0%
93.2%
93.4%
93.5%
93.8%
93.9%
94.1%
94.2%
94.4%
94.5%
94.6%
94.8%
95.0%
95.1%
95.2%
95.4%
95.5%
95.6%
95.9%
96.0%
96.2%
96.4%
96.5%
96.7%
96.8%
97.0%
97.2%
97.3%
97.4%
97.6%
97.7%
97.9%
98.0%
98.1%
98.3%
98.5%
98.6%
98.7%
98.8%
99.0%
99.1%
99.3%
99.4%
99.5%
99.7%
99.8%---------- new table with      134 representatives

# comparing sequences from      63924  to      64822
.....
88.8%
89.0%
89.1%
89.6%
89.7%
89.8%
90.0%
90.3%
90.4%
90.6%
90.9%
91.0%
91.2%
91.3%
91.5%
91.7%
91.8%
91.9%
92.2%
92.5%
92.6%
92.8%
92.9%
93.1%
93.3%
93.5%
93.7%
93.9%
94.1%
94.3%
94.5%
94.6%
94.8%
94.9%
95.1%
95.2%
95.4%
95.5%
95.8%
95.9%
96.0%
96.3%
96.5%
96.6%
96.8%
96.9%
97.1%
97.3%
97.4%
97.5%
97.6%
97.7%
98.0%
98.1%
98.3%
98.5%
98.6%
98.7%
98.9%
99.0%
99.1%
99.4%
99.5%
99.6%
99.7%---------- new table with      144 representatives

# comparing sequences from      64822  to      65670
.....
88.6%
88.7%
89.0%
89.1%
89.3%
89.5%
89.8%
89.9%
90.2%
90.3%
90.4%
90.5%
90.7%
90.8%
90.9%
91.2%
91.3%
91.5%
91.7%
91.8%
92.0%
92.1%
92.2%
92.4%
92.6%
92.7%
92.9%
93.1%
93.3%
93.4%
93.7%
93.8%
94.0%
94.1%
94.3%
94.4%
94.6%
94.8%
95.1%
95.2%
95.3%
95.5%
95.6%
95.9%
96.0%
96.1%
96.3%
96.5%
96.8%
97.0%
97.1%
97.3%
97.4%
97.5%
97.8%
98.0%
98.1%
98.4%
98.5%
98.6%
98.7%
98.9%
99.0%
99.1%
99.2%
99.3%
99.4%
99.6%
99.9%---------- new table with      132 representatives

# comparing sequences from      65670  to      66471
...
89.6%
89.7%
90.2%
90.3%
90.5%
90.7%
90.8%
91.0%
91.2%
91.4%
91.5%
91.7%
91.9%
92.1%
92.3%
92.4%
92.6%
92.7%
93.0%
93.3%
93.4%
93.5%
93.8%
93.9%
94.2%
94.3%
94.4%
94.6%
94.8%
95.0%
95.2%
95.4%
95.5%
95.7%
96.0%
96.1%
96.2%
96.3%
96.5%
96.8%
97.0%
97.1%
97.2%
97.4%
97.5%
97.7%
98.0%
98.1%
98.3%
98.4%
98.5%
98.6%
98.7%
98.9%
99.0%
99.1%
99.3%
99.4%
99.7%
99.8%---------- new table with      114 representatives

# comparing sequences from      66471  to      67227
...
90.6%
90.7%
90.8%
91.2%
91.4%
91.5%
91.7%
91.9%
92.2%
92.3%
92.5%
92.6%
92.7%
92.9%
93.1%
93.3%
93.4%
93.5%
93.8%
94.0%
94.3%
94.4%
94.6%
94.8%
94.9%
95.0%
95.2%
95.3%
95.4%
95.7%
95.8%
96.0%
96.1%
96.3%
96.5%
96.6%
96.8%
97.0%
97.2%
97.4%
97.5%
97.6%
97.8%
98.0%
98.3%
98.4%
98.5%
98.7%
98.9%
99.0%
99.1%
99.3%
99.5%
99.6%
99.7%
99.8%---------- new table with      105 representatives

# comparing sequences from      67227  to      67941
..
90.8%
91.2%
91.4%
91.5%
91.7%
91.8%
92.0%
92.4%
92.5%
92.6%
92.8%
93.0%
93.3%
93.4%
93.6%
93.8%
94.0%
94.2%
94.4%
94.7%
94.9%
95.0%
95.1%
95.3%
95.4%
95.5%
95.7%
95.8%
96.0%
96.2%
96.3%
96.5%
96.6%
96.8%
96.9%
97.1%
97.3%
97.4%
97.6%
97.8%
98.0%
98.1%
98.4%
98.5%
98.7%
98.8%
98.9%
99.0%
99.1%
99.3%
99.5%
99.6%
99.8%---------- new table with      103 representatives

# comparing sequences from      67941  to      68616
.........
92.6%
92.8%
93.0%
93.1%
93.2%
93.4%
93.5%
93.6%
93.8%
93.9%
94.2%
94.3%
94.5%
94.6%
94.8%
94.9%
95.0%
95.2%
95.3%
95.5%
95.8%
96.0%
96.1%
96.2%
96.3%
96.5%
96.7%
96.9%
97.1%
97.2%
97.4%
97.5%
97.7%
97.8%
98.0%
98.2%
98.3%
98.5%
98.8%
98.9%
99.1%
99.2%
99.4%
99.6%
99.7%---------- new table with       98 representatives

# comparing sequences from      68616  to      69253
.....
93.4%
93.5%
93.6%
93.8%
93.9%
94.1%
94.4%
94.6%
94.8%
94.9%
95.1%
95.2%
95.4%
95.5%
95.7%
95.8%
96.0%
96.2%
96.4%
96.6%
96.8%
96.9%
97.0%
97.2%
97.3%
97.4%
97.6%
97.8%
98.0%
98.1%
98.2%
98.4%
98.6%
98.8%
98.9%
99.2%
99.4%
99.5%
99.7%---------- new table with       96 representatives

# comparing sequences from      69253  to      69855
........
93.2%
93.5%
93.6%
93.8%
94.1%
94.3%
94.4%
94.7%
94.8%
94.9%
95.0%
95.2%
95.3%
95.7%
95.8%
96.0%
96.1%
96.3%
96.5%
96.7%
96.9%
97.0%
97.2%
97.3%
97.4%
97.6%
97.7%
98.0%
98.2%
98.3%
98.4%
98.6%
98.8%
99.1%
99.3%
99.4%
99.5%
99.6%
99.7%---------- new table with       91 representatives

# comparing sequences from      69855  to      70423
....
94.0%
94.1%
94.3%
94.4%
94.6%
94.8%
94.9%
95.0%
95.4%
95.5%
95.7%
95.9%
96.0%
96.2%
96.4%
96.7%
96.8%
97.0%
97.1%
97.4%
97.6%
97.7%
97.8%
98.0%
98.1%
98.2%
98.4%
98.7%
99.0%
99.1%
99.2%
99.4%
99.5%
99.8%---------- new table with       71 representatives

# comparing sequences from      70423  to      70960
....
94.4%
94.5%
94.8%
95.0%
95.1%
95.3%
95.4%
95.6%
95.7%
95.9%
96.0%
96.1%
96.3%
96.4%
96.8%
96.9%
97.0%
97.2%
97.4%
97.5%
97.8%
98.0%
98.4%
98.6%
98.7%
98.9%
99.0%
99.2%
99.3%
99.4%
99.7%
99.8%---------- new table with       75 representatives

# comparing sequences from      70960  to      71467
.......
95.0%
95.2%
95.3%
95.4%
95.6%
95.7%
95.9%
96.0%
96.1%
96.3%
96.4%
96.6%
96.7%
96.9%
97.0%
97.2%
97.3%
97.4%
97.6%
97.8%
98.3%
98.5%
98.8%
99.0%
99.1%
99.4%
99.6%
99.8%---------- new table with       65 representatives

# comparing sequences from      71467  to      71946
..
94.8%
94.9%
95.2%
95.3%
95.4%
95.5%
95.7%
95.8%
96.0%
96.2%
96.3%
96.6%
96.8%
97.1%
97.3%
97.5%
97.6%
97.8%
98.0%
98.2%
98.4%
98.5%
98.7%
98.8%
99.0%
99.1%
99.3%
99.6%
99.8%---------- new table with       51 representatives

# comparing sequences from      71946  to      72398
...
96.3%
96.4%
96.6%
96.8%
96.9%
97.1%
97.3%
97.4%
97.5%
97.7%
98.0%
98.4%
98.7%
98.8%
99.0%
99.2%
99.4%
99.5%
99.6%---------- new table with       56 representatives

# comparing sequences from      72398  to      72825
...
96.6%
96.9%
97.0%
97.2%
97.3%
97.6%
97.7%
97.8%
98.3%
98.4%
98.7%
98.9%
99.1%
99.2%
99.4%
99.6%
99.8%---------- new table with       65 representatives

# comparing sequences from      72825  to      73228
......
96.5%
96.7%
97.0%
97.2%
97.4%
97.5%
98.0%
98.1%
98.4%
98.6%
98.8%
99.0%
99.1%
99.3%
99.4%
99.8%---------- new table with       56 representatives

# comparing sequences from      73228  to      73609
.....
95.3%
95.4%
95.5%
95.7%
96.1%
96.2%
96.3%
96.4%
96.6%
97.0%
97.1%
97.3%
97.5%
97.6%
97.8%
97.9%
98.2%
98.4%
98.6%
98.8%
99.1%
99.3%
99.4%
99.6%
99.8%---------- new table with       48 representatives

# comparing sequences from      73609  to      73969
....
97.2%
97.3%
97.4%
97.6%
97.7%
98.0%
98.1%
98.3%
98.4%
98.7%
98.8%
99.1%
99.3%
99.4%
99.6%
99.7%---------- new table with       51 representatives

# comparing sequences from      73969  to      74309
.....
98.1%
98.4%
98.7%
98.8%
99.1%
99.4%
99.6%
99.8%---------- new table with       62 representatives

# comparing sequences from      74309  to      74630
....
96.3%
96.5%
96.9%
97.1%
97.2%
97.4%
97.8%
98.1%
98.3%
98.4%
98.6%
98.7%
98.8%
99.1%
99.3%
99.6%
99.8%---------- new table with       38 representatives

# comparing sequences from      74630  to      74933
...
97.5%
97.6%
97.7%
98.1%
98.3%
98.7%
98.9%
99.0%
99.1%
99.4%
99.7%---------- new table with       42 representatives

# comparing sequences from      74933  to      75219
...
97.0%
97.2%
97.4%
97.6%
97.7%
97.9%
98.0%
98.3%
98.4%
98.7%
98.8%
99.0%
99.1%
99.3%
99.5%
99.7%---------- new table with       32 representatives

# comparing sequences from      75219  to      75489
.
97.6%
98.2%
98.4%
98.7%
98.8%
99.0%
99.1%
99.4%
99.5%
99.7%
99.9%---------- new table with       36 representatives

# comparing sequences from      75489  to      75744
....
97.5%
97.9%
98.1%
98.3%
98.4%
98.7%
98.8%
99.0%
99.2%
99.3%
99.4%
99.7%---------- new table with       32 representatives

# comparing sequences from      75744  to      75985
....
98.2%
98.8%
99.1%
99.3%
99.4%
99.6%---------- new table with       31 representatives

# comparing sequences from      75985  to      76213
.
97.4%
97.7%
97.8%
98.2%
98.4%
98.6%
98.7%
99.1%
99.3%
99.7%
99.9%---------- new table with       30 representatives

# comparing sequences from      76213  to      76428
....
99.1%
99.4%
99.5%
99.7%---------- new table with       44 representatives

# comparing sequences from      76428  to      76631
...
99.1%
99.3%
99.4%
99.7%---------- new table with       32 representatives

# comparing sequences from      76631  to      76823
....
97.8%
98.3%
98.4%
98.6%
98.8%
99.0%
99.2%
99.3%
99.6%
99.8%---------- new table with       24 representatives

# comparing sequences from      76823  to      77004
.....
99.3%
99.7%---------- new table with       27 representatives

# comparing sequences from      77004  to      77175
......---------- new table with       26 representatives

# comparing sequences from      77175  to      77337
...
97.6%
98.1%
98.4%
98.7%
98.8%
99.0%
99.2%
99.4%
99.6%---------- new table with       18 representatives

# comparing sequences from      77337  to      77490
....
99.4%---------- new table with       13 representatives

# comparing sequences from      77490  to      77634
.....
99.3%---------- new table with       17 representatives

# comparing sequences from      77634  to      77770
...
99.6%---------- new table with       21 representatives

# comparing sequences from      77770  to      77899
...
98.8%
99.2%
99.6%---------- new table with       12 representatives

# comparing sequences from      77899  to      78020
.
99.2%
99.7%---------- new table with       16 representatives

# comparing sequences from      78020  to      78135
...---------- new table with       17 representatives

# comparing sequences from      78135  to      78243
...
99.6%
99.9%---------- new table with       10 representatives

# comparing sequences from      78243  to      78345
.....
99.3%---------- new table with       16 representatives

# comparing sequences from      78345  to      78442
..
98.3%
98.8%
99.0%
99.2%
99.4%
99.8%---------- new table with        8 representatives

# comparing sequences from      78442  to      78533
...---------- new table with       13 representatives

# comparing sequences from      78533  to      78619
...---------- new table with       11 representatives

# comparing sequences from      78619  to      78700
...
99.0%
99.4%
99.7%---------- new table with        7 representatives

# comparing sequences from      78700  to      78777
....---------- new table with       11 representatives

# comparing sequences from      78777  to      78850
......---------- new table with       10 representatives

# comparing sequences from      78850  to      78919
...
99.1%
99.6%---------- new table with        4 representatives

# comparing sequences from      78919  to      78984
.
99.2%---------- new table with        8 representatives

# comparing sequences from      78984  to      79045
..
99.7%---------- new table with        6 representatives

# comparing sequences from      79045  to      79103
....---------- new table with       11 representatives

# comparing sequences from      79103  to      80093
.---------- new table with      103 representatives

    80093  finished      17252  clusters

Approximated maximum memory consumption: 291M
writing new database
writing clustering information
program completed !

Total CPU time 8078.77
